ID     Game                                                                   Purchase_Date Developer                           Country
------ ---------------------------------------------------------------------- ------------- ----------------------------------- --------------------
462    LEGO Marvel Super-Heroes                                               2021-01-07    TT Games                            England
635    The Disney Afternoon Collection                                        2021-01-07    Digital Eclipse                     USA
785    A Plague Tale: Innocence                                               2021-01-17    Asobo Studio                        France
106    Beyond Good and Evil HD                                                2021-02-10    Ubisoft Montpellier                 France
112    Daytona USA                                                            2021-02-10    SEGA                                Japan
98     Alice: Madness Returns                                                 2021-02-10    Spicy Horse                         China
190    Ratchet & Clank: Nexus                                                 2021-02-10    Insomniac Games                     USA
191    Rayman 3: Hoodlum Havoc HD                                             2021-02-10    Ubisoft Montpellier                 France
220    The Secret of Monkey Island: Special Edition                           2021-02-10    LucasArts                           USA
226    ToeJam and Earl (1991)                                                 2021-02-10    Johnson Voorsanger Productions      USA
227    ToeJam and Earl: Panic on Funkotron                                    2021-02-10    Johnson Voorsanger Productions      USA
740    Hotel R n R                                                            2021-02-25    Wolf & Wood Interactive Ltd         England
105    Bentley`s Hackpack                                                     2021-03-30    Sanzaru Games                       USA
160    Metal Gear Solid 4: Guns of the Patriots                               2021-03-30    Kojima Productions                  Japan
199    Siren Blood Curse                                                      2021-03-30    Team Asobi (Japan Studio)           Japan
204    Sonic Generations                                                      2021-03-30    SEGA                                Japan
101    Bang Bang Racing                                                       2021-03-30    Playbox                             Hungary
177    Prince of Persia: The Sands of Time                                    2021-03-30    Ubisoft Montreal                    Canada
178    Prince of Persia: The Two Thrones                                      2021-03-30    Ubisoft Montreal                    Canada
179    Prince of Persia: Warrior Within                                       2021-03-30    Ubisoft Montreal                    Canada
147    Killzone                                                               2021-04-06    Guerrilla Games                     Netherlands
115    DeathSpank: The Baconing                                               2021-04-06    Hothead Games                       Canada
125    Far Cry Classic                                                        2021-04-06    Crytek                              Germany
130    Final Exam                                                             2021-04-06    Mighty Rocket Studio                France
161    Metal Gear Solid: Peace Walker                                         2021-04-06    Kojima Productions                  Japan
872    Oddworld: Soulstorm (2021)                                             2021-04-06    Oddworld Inhabitants                USA
207    Super Rub a Dub                                                        2021-04-13    Sumo Digital                        England
216    The Cube                                                               2021-04-13    Funbox Media                        England
132    Girl Fight                                                             2021-04-13    Kung Fu Factory                     USA
14     Fear Effect                                                            2021-04-14    Kronos Digital Entertainment        USA
15     Fear Effect 2: Retro Helix                                             2021-04-14    Kronos Digital Entertainment        USA
47     Suikoden                                                               2021-04-14    Konami                              Japan
48     Suikoden II                                                            2021-04-14    Konami                              Japan
67     Deus Ex (2002)                                                         2021-04-14    Ion Storm                           USA
69     Stuntman: Ignition                                                     2021-04-14    Paradigm Entertainment              USA
311    Brothers: A Tale of Two Sons                                           2021-04-28    Starbreeze Studios                  Sweden
792    Astro`s Playroom                                                       2021-05-16    Team Asobi (Japan Studio)           Japan
902    Subnautica                                                             2021-05-18    Unknown Worlds Entertainment        USA
826    FIFA 21                                                                2021-05-18    EA Vancouver                        Canada
832    Genshin Impact                                                         2021-05-18    miHoYo                              China
345    Days Gone                                                              2021-05-18    Bend Studio                         USA
358    Detroit: Become Human                                                  2021-05-18    Quantic Dream                       France
393    Final Fantasy XV: Royal Edition                                        2021-05-18    Square Enix                         Japan
410    God of War (2018)                                                      2021-05-18    Santa Monica Studio                 USA
500    Monster Hunter World: Iceborne                                         2021-05-18    Capcom                              Japan
502    Mortal Kombat X                                                        2021-05-18    NetherRealm Studios                 USA
295    Battlefield 1: Revolution                                              2021-05-18    EA DICE                             Sweden
918    Tony Hawk`s Pro Skater 1 + 2 (2021)                                    2021-05-18    Vicarious Visions                   USA
923    Warframe: The New War                                                  2021-05-18    Digital Extremes                    Canada
928    Wreckfest                                                              2021-05-18    Bugbear Entertainment               Finland
927    Worms Rumble                                                           2021-05-19    Team17                              England
921    Twin Robots: Ultimate Edition                                          2021-05-19    Thinice Games                       Spain
520    Outbreak: Epidemic                                                     2021-05-19    Dead Drop Studios LLC               USA
904    Sumatra: Fate of Yandi                                                 2021-05-19    Cloak and Dagger Games              England
874    One Escape                                                             2021-05-19    BUG-Studio                          Russia
888    Rogue Company                                                          2021-05-19    First Watch Games                   USA
607    Stranded Deep                                                          2021-05-19    Beam Team Games                     Australia
800    Bugsnax                                                                2021-05-27    Young Horses                        USA
899    Spirit of the North: Enhanced Edition                                  2021-05-27    Infuse Studio                       USA
859    Maneater                                                               2021-05-27    Tripwire Interactive                USA
870    No Man`s Sky                                                           2021-06-02    Hello Games                         England
911    The Pedestrian                                                         2021-06-02    Skookum Arts                        USA
924    Watch_Dogs: Legion                                                     2021-06-02    Ubisoft Toronto                     Canada
896    Sir Lovelot                                                            2021-06-04    pixel.lu                            Luxembourg
876    Ovivo                                                                  2021-06-04    IzHard                              Russia
860    Maquette                                                               2021-06-04    Graceful Decay                      USA
845    In Rays of the Light                                                   2021-06-04    Sergey Noskov                       Russia
846    Infliction: Extended Cut                                               2021-06-04    Caustic Reality                     Australia
808    Concept Destruction                                                    2021-06-04    Thinice Games                       Spain
820    Evil Inside                                                            2021-06-04    JanduSoft SL                        Spain
855    Like a Dragon 7 (Yakuza 7)                                             2021-06-09    Ryu Ga Gotoku                       Japan
611    Super Monkey Ball: Banana Blitz HD                                     2021-06-30    New Entertainment R&D Dept          Japan
690    Virtua Fighter 5: Ultimate Showdown                                    2021-07-01    SEGA                                Japan
703    WWE 2K Battlegrounds                                                   2021-07-06    Saber Interactive                   USA
784    You Are Being Followed                                                 2021-07-06    Uncommon Chocolate                  Scotland
844    Human Fall Flat                                                        2021-07-06    No Brakes Games                     Lithuania
892    Saints Row The Third: Remastered                                       2021-07-06    Deep Silver Volition                USA
609    Super Kickers League Ultimate                                          2021-07-07    Xaloc Studios                       Spain
639    The Last Guardian                                                      2021-07-12    Team Asobi (Japan Studio)           Japan
895    Shing!                                                                 2021-07-21    Mass Creation                       Poland
898    Spacebase Startopia                                                    2021-07-21    Realmforge Studios                  Germany
913    The Sinking City                                                       2021-07-21    Frogwares                           Ukraine
566    Road Redemption                                                        2021-07-21    EQ-Games                            USA
909    The Darkside Detective                                                 2021-07-21    Spooky Doorway                      Republic of Ireland
864    Metro Exodus                                                           2021-07-28    4A Games                            Ukraine
625    Tennis World Tour 2                                                    2021-08-03    Big Ant Studios                     Australia
299    Beyond Two Souls                                                       2021-08-04    Quantic Dream                       France
234    When Vikings Attack                                                    2021-08-14    Clever Beans                        England
212    Tekken 5: Dark Resurrection                                            2021-08-14    Bandai Namco Studios                Japan
215    The Cave                                                               2021-08-14    Double Fine Productions             USA
205    Spec Ops: The Line                                                     2021-08-14    Yager Development                   Germany
163    Mortal Kombat Arcade Kollection                                        2021-08-14    NetherRealm Studios                 USA
197    Shadow of the Colossus Classics HD                                     2021-08-14    Team Asobi (Japan Studio)           Japan
138    ICO Classics HD                                                        2021-08-14    Team Asobi (Japan Studio)           Japan
156    Malicious                                                              2021-08-14    Alvion                              Japan
157    Mensa Academy                                                          2021-08-14    Silverball Studios                  England
102    Battlefield 3                                                          2021-08-14    EA DICE                             Sweden
181    Quantum Conundrum                                                      2021-08-14    Airtight Games                      USA
379    Exit the Gungeon                                                       2021-08-18    Dodge Roll                          USA
347    Dead End Job                                                           2021-08-23    Ant Workshop                        Scotland
338    Dangerous Driving                                                      2021-08-23    Three Fields Entertainment          England
578    Scott Pilgrim vs The World: The Game                                   2021-08-23    Ubisoft Montreal                    Canada
596    SpongeBob SquarePants: Battle for Bikini Bottom - Rehydrated           2021-08-23    Purple Lamp Studios                 Austria
534    Please Don`t Touch Anything                                            2021-08-23    Four Quarters                       Russia
297    Beat Cop                                                               2021-08-23    Pixel Crow                          Poland
495    Metro Redux                                                            2021-08-23    4A Games                            Ukraine
677    Uncanny Valley                                                         2021-08-23    Cowardly Creations                  USA
694    while true: learn( )                                                   2021-08-23    Luden.io                            Russia
654    Think of the Children                                                  2021-08-23    Jammed Up Studios                   Australia
614    Supermarket Shriek                                                     2021-08-23    Billy Goat Entertainment Ltd        Northern Ireland
275    Abzu                                                                   2021-08-24    Giant Squid Studios                 USA
710    Accounting Plus                                                        2021-08-25    Squanch Games                       USA
669    Trover Saves The Universe                                              2021-09-07    Squanch Games                       USA
821    F1 2021                                                                2021-09-07    Codemasters                         England
733    Floor Plan                                                             2021-09-07    Turbo Button                        USA
907    Terminator: Resistance Enhanced                                        2021-09-16    Teyon                               Poland
425    Hitman 2                                                               2021-09-22    IO Interactive                      Denmark
793    AWAY: The Survival Series                                              2021-09-28    Breaking Walls                      Canada
903    Subnautica: Below Zero                                                 2021-09-30    Unknown Worlds Entertainment        USA
559    Resident Evil: Resistance                                              2021-09-30    Capcom                              Japan
530    PGA Tour 2K21                                                          2021-10-05    HB Studios                          Canada
475    Like a Dragon 6 (Yakuza 6: The Song of Life)                           2021-10-05    Ryu Ga Gotoku                       Japan
469    Like a Dragon (Yakuza 0)                                               2021-10-05    Ryu Ga Gotoku                       Japan
470    Like a Dragon Kiwami (Yakuza Kiwami)                                   2021-10-05    Ryu Ga Gotoku                       Japan
471    Like a Dragon Kiwami 2 (Yakuza Kiwami 2)                               2021-10-05    Ryu Ga Gotoku                       Japan
840    Hell Let Loose                                                         2021-10-05    Black Matter Games                  Australia
472    Like a Dragon 3 (Yakuza 3 Remastered)                                  2021-10-13    Ryu Ga Gotoku                       Japan
473    Like a Dragon 4 (Yakuza 4 Remastered)                                  2021-10-13    Ryu Ga Gotoku                       Japan
474    Like a Dragon 5 (Yakuza 5 Remastered)                                  2021-10-13    Ryu Ga Gotoku                       Japan
560    Resident Evil: Re:Verse                                                2021-10-20    Capcom                              Japan
886    Resident Evil Village                                                  2021-10-20    Capcom                              Japan
853    Knockout City                                                          2021-11-02    Velan Studios                       USA
830    First Class Trouble                                                    2021-11-02    Invisible Walls                     Denmark
779    Until You Fall                                                         2021-11-02    WayTooManyGames                     USA
771    The Walking Dead: Saints and Sinners                                   2021-11-02    Skydance Interactive                USA
745    Kingdom Hearts: VR Experience                                          2021-11-02    Square Enix                         Japan
457    Kingdoms of Amalur: Re-Reckoning                                       2021-11-02    Kaiko                               Germany
555    Resident Evil 5                                                        2021-11-10    Capcom                              Japan
557    Resident Evil 6                                                        2021-11-10    Capcom                              Japan
714    Arizona Sunshine                                                       2021-11-16    Vertigo Games                       Netherlands
775    Traffic Jams                                                           2021-11-17    Little Chicken                      Netherlands
791    Assassin`s Creed Valhalla: Ultimate Edition                            2021-11-21    Ubisoft Montreal                    Canada
541    Psychonauts 2                                                          2021-11-21    Double Fine Productions             USA
487    Mass Effect: Legendary Edition                                         2021-11-21    Bioware                             Canada
464    LEGO DC Super-Villains                                                 2021-12-09    TT Games                            England
503    Mortal Shell                                                           2021-12-09    Cold Symmetry                       USA
316    Captain Tsubasa: Rise of New Champions                                 2021-12-09    Tamsoft                             Japan
684    UNO                                                                    2021-12-09    Ubisoft Chengdu                     China
835    Godfall                                                                2021-12-09    Counterplay Games                   USA
850    Kena: Bridge of Spirits                                                2021-12-25    Ember Lab                           USA
851    Kerbal Space Program: Enhanced Edition                                 2021-12-25    Squad                               Mexico
881    Ratchet & Clank: Rift Apart                                            2021-12-25    Insomniac Games                     USA
769    The Guy VR                                                             2021-12-25    Chubby Pixel                        Italy
743    I Expect You to Die 2                                                  2021-12-25    Schell Games                        USA

(154 row(s) affected)

