ID     Game                                                                   Purchase_Date Full_Price            Sale_Price            Savings
------ ---------------------------------------------------------------------- ------------- --------------------- --------------------- ---------------------
53     Tomb Raider (1996)                                                     2017-03-12    5.99                  1.99                  4.00
54     Tomb Raider II                                                         2017-03-12    5.99                  1.99                  4.00
55     Tomb Raider III                                                        2017-03-12    5.99                  1.99                  4.00
56     Tomb Raider: Chronicles                                                2017-03-12    5.99                  1.99                  4.00
57     Tomb Raider: The Last Revelation                                       2017-03-12    5.99                  1.99                  4.00
95     Tomb Raider: Legend                                                    2017-03-12    9.99                  3.99                  6.00
96     Tomb Raider: Anniversary                                               2017-03-12    9.99                  3.99                  6.00
653    The Wolf Among Us Season 1 TTG                                         2017-03-16    14.99                 14.99                 0.00
658    Titan Attacks!                                                         2017-03-17    9.99                  9.99                  0.00
532    PixelJunk Shooter Ultimate                                             2017-03-17    11.99                 2.99                  9.00
623    Tembo The Badass Elephant                                              2017-03-17    12.99                 3.49                  9.50
506    Neon Chrome                                                            2017-03-17    14.99                 4.49                  10.50
601    Stealth Inc: A Clone In The Dark                                       2017-03-17    8.49                  2.49                  6.00
602    Stealth Inc 2: A Game Of Clones                                        2017-03-17    8.49                  2.49                  6.00
675    Ultratron                                                              2017-03-17    9.99                  9.99                  0.00
344    Day Of The Tentacle Remastered                                         2017-03-17    14.99                 4.74                  10.25
396    Flockers                                                               2017-03-17    24.99                 4.99                  20.00
436    Hue                                                                    2017-03-17    14.99                 4.99                  10.00
460    LA Cops                                                                2017-03-17    13.99                 2.99                  11.00
43     Silent Hill                                                            2017-03-18    6.99                  2.99                  4.00
659    ToeJam & Earl: Back In The Groove (2019)                               2019-03-01    18.89                 18.89                 0.00
756    Rez Infinite VR                                                        2019-03-19    29.99                 14.99                 15.00
723    Creed: Rise To Glory                                                   2019-03-24    24.99                 11.99                 13.00
308    Bridge Constructor                                                     2019-03-24    9.99                  3.99                  6.00
386    Far Cry: New Dawn                                                      2019-03-24    54.99                 27.49                 27.50
617    Syrup and the Ultimate Sweet                                           2020-03-04    4.99                  4.99                  0.00
713    Apocalypse Rider                                                       2020-03-13    5.99                  5.99                  0.00
287    Aven Colony                                                            2020-03-13    29.99                 14.99                 15.00
329    Concrete Genie                                                         2020-03-13    29.99                 23.99                 6.00
350    Dead Rising                                                            2020-03-17    19.99                 4.99                  15.00
372    Dreams                                                                 2020-03-17    39.99                 29.99                 10.00
711    Animal Force                                                           2020-03-22    14.99                 4.99                  10.00
777    Ultrawings                                                             2020-03-22    21.99                 6.99                  15.00
732    Everybody`s Golf VR                                                    2020-03-22    29.99                 14.99                 15.00
662    Trials Fusion: The Awesome MAX Edition                                 2020-03-22    39.99                 9.99                  30.00
579    Scribblenauts Mega Pack                                                2020-03-22    29.99                 9.99                  20.00
328    Color Slayer                                                           2020-03-22    1.99                  1.99                  0.00
101    Bang Bang Racing                                                       2021-03-30    9.99                  9.99                  0.00
105    Bentley`s Hackpack                                                     2021-03-30    1.99                  1.99                  0.00
160    Metal Gear Solid 4: Guns of the Patriots                               2021-03-30    14.99                 14.99                 0.00
177    Prince of Persia: The Sands of Time                                    2021-03-30    5.00                  5.00                  0.00
178    Prince of Persia: The Two Thrones                                      2021-03-30    4.99                  4.99                  0.00
179    Prince of Persia: Warrior Within                                       2021-03-30    5.00                  5.00                  0.00
199    Siren Blood Curse                                                      2021-03-30    12.99                 12.99                 0.00
204    Sonic Generations                                                      2021-03-30    14.99                 14.99                 0.00
282    ARK: Survival Evolved                                                  2022-03-01    29.99                 0.00                  29.99
620    Team Sonic Racing                                                      2022-03-01    39.99                 0.00                  39.99
833    Ghostrunner                                                            2022-03-01    29.99                 0.00                  29.99
790    Art of Rally                                                           2022-03-03    20.99                 13.64                 7.35
451    Kandagawa Jet Girls                                                    2022-03-03    39.99                 14.79                 25.20
453    Keep Talking and Nobody Explodes                                       2022-03-03    14.99                 7.49                  7.50
353    DEEEER Simulator: Your Average Everyday Deer Game                      2022-03-03    16.99                 13.59                 3.40
394    Five Dates                                                             2022-03-20    11.66                 5.83                  5.83
437    I am Bread                                                             2022-03-20    12.99                 2.59                  10.40
465    Leisure Suit Larry: Wet Dreams Don`t Dry                               2022-03-20    39.99                 7.99                  32.00
466    Leisure Suit Larry: Wet Dreams Dry Twice                               2022-03-20    39.99                 11.99                 28.00
510    Night Book                                                             2022-03-20    11.67                 5.83                  5.84
633    The Complex                                                            2022-03-20    11.66                 5.83                  5.83
836    Grand Theft Auto V                                                     2022-03-20    109.98                34.98                 75.00
797    BloodRayne: ReVamped                                                   2022-03-20    19.99                 13.99                 6.00
798    BloodRayne 2: ReVamped                                                 2022-03-20    19.99                 13.99                 6.00
795    Battlefield 2042                                                       2023-03-07    79.99                 0.00                  79.99
497    Minecraft Dungeons                                                     2023-03-07    19.99                 0.00                  19.99
327    Code Vein                                                              2023-03-07    69.99                 0.00                  69.99
878    Postal 4: No Regerts                                                   2023-03-29    44.99                 0.00                  44.99
581    Shadow of the Tomb Raider                                              2023-03-29    39.99                 6.98                  33.01

(66 row(s) affected)

