ID     Game                                                                   Purchase_Date Full_Price            Sale_Price            Savings
------ ---------------------------------------------------------------------- ------------- --------------------- --------------------- ---------------------
150    LittleBigPlanet                                                        2009-12-31    10.50                 10.50                 0.00
135    Gran Turismo 5                                                         2010-12-25    5.00                  5.00                  0.00
121    Earthworm Jim HD                                                       2010-12-26    9.99                  9.99                  0.00
6      Colin McRae Rally                                                      2010-12-26    9.99                  9.99                  0.00
11     Crash Bash                                                             2010-12-26    9.99                  9.99                  0.00
25     Hogs of War                                                            2010-12-26    9.99                  9.99                  0.00
33     Oddworld: Abes Oddysee (1997)                                          2010-12-26    4.99                  4.99                  0.00
42     Sheep Dog n Wolf                                                       2010-12-26    9.99                  9.99                  0.00
66     WWF! Smackdown 2: Know Your Role                                       2010-12-26    9.99                  9.99                  0.00
170    Need for Speed: The Run                                                2011-12-08    19.99                 4.00                  15.99
151    LittleBigPlanet 2                                                      2011-12-18    29.98                 19.49                 10.49
51     Tekken 2                                                               2012-12-18    4.99                  4.99                  0.00
30     Metal Gear Solid                                                       2012-12-18    9.99                  4.99                  5.00
50     Tekken                                                                 2012-12-19    4.99                  4.99                  0.00
153    Lollipop Chainsaw                                                      2013-12-20    12.00                 12.00                 0.00
182    Ratchet & Clank (2002)                                                 2014-12-06    8.99                  3.99                  5.00
183    Ratchet & Clank 2                                                      2014-12-06    8.00                  3.00                  5.00
184    Ratchet & Clank 3                                                      2014-12-06    8.00                  3.00                  5.00
141    inFamous: Festival of Blood                                            2014-12-26    8.00                  8.00                  0.00
99     Angry Birds Trilogy                                                    2014-12-26    29.99                 29.99                 0.00
671    Twisted Metal: Black                                                   2015-12-05    9.99                  4.99                  5.00
616    Switch Galaxy Ultra                                                    2015-12-25    10.99                 3.99                  7.00
647    The Walking Dead Season 1 TTG                                          2015-12-25    14.99                 5.99                  9.00
262    TxK                                                                    2015-12-25    6.99                  6.99                  0.00
373    Duke Nukem 3D                                                          2015-12-25    22.98                 8.98                  14.00
627    Tethered                                                               2016-12-06    28.49                 28.49                 0.00
571    Rollercoaster Dreams                                                   2016-12-20    20.99                 9.99                  11.00
637    The Evil Within                                                        2017-12-04    19.99                 5.99                  14.00
644    The Sims 4                                                             2017-12-08    869.61                682.41                187.20
446    Jak X: Combat Racing                                                   2017-12-09    9.99                  9.99                  0.00
352    Death Squared                                                          2017-12-10    13.99                 6.99                  7.00
593    South Park: The Stick of Truth                                         2017-12-12    0.00                  0.00                  0.00
594    South Park: The Fractured But Whole                                    2017-12-12    96.94                 57.94                 39.00
528    Persona 5                                                              2017-12-22    69.99                 34.99                 35.00
547    Ratchet & Clank (2016)                                                 2017-12-22    39.99                 16.49                 23.50
681    Uncharted 4: A Thief`s End                                             2017-12-22    69.99                 22.99                 47.00
683    Undertale                                                              2017-12-22    14.99                 8.99                  6.00
491    Mega Man Legacy Collection 2                                           2017-12-22    14.99                 7.99                  7.00
640    The Last Of Us Remastered                                              2017-12-26    39.99                 39.99                 0.00
518    One Piece Unlimited World Red                                          2017-12-31    79.98                 18.98                 61.00
695    Wipeout Omega Collection                                               2018-12-29    44.98                 9.99                  34.99
754    PlayStation VR Worlds                                                  2018-12-29    29.99                 0.00                  29.99
747    Kona VR                                                                2019-12-05    19.99                 3.99                  16.00
748    Lethal VR                                                              2019-12-05    19.99                 7.99                  12.00
773    Track Lab                                                              2019-12-05    19.99                 8.99                  11.00
735    Groundhog Day: Like Father Like Son                                    2019-12-05    19.99                 19.99                 0.00
615    Surgeon Simulator                                                      2019-12-05    30.98                 24.98                 6.00
687    Untitled Goose Game                                                    2019-12-17    19.99                 14.99                 5.00
650    The Walking Dead: The Final Season TTG                                 2019-12-25    23.99                 23.99                 0.00
708    Yooka-Laylee and the Impossible Lair                                   2019-12-25    29.99                 0.00                  29.99
718    BoxVR                                                                  2019-12-25    29.99                 17.99                 12.00
580    Sekiro: Shadows Die Twice                                              2019-12-25    69.99                 45.49                 24.50
363    Disney Classic Games: Aladdin & The Lion King                          2019-12-25    34.99                 34.99                 0.00
371    DreamBall                                                              2019-12-25    5.99                  5.99                  0.00
341    Dark Souls Remastered                                                  2019-12-25    39.99                 14.79                 25.20
303    Blood Bowl 2                                                           2019-12-25    19.99                 7.49                  12.50
481    Mafia: Definitive Edition (2020)                                       2020-12-11    39.99                 29.99                 10.00
284    Armikrog                                                               2020-12-15    9.99                  1.99                  8.00
494    Metal Gear Solid V: The Phantom Pain                                   2020-12-25    29.99                 7.49                  22.50
595    Spelunky                                                               2020-12-25    14.99                 0.00                  14.99
631    The Binding of Isaac: Rebirth                                          2020-12-25    14.99                 0.00                  14.99
684    UNO                                                                    2021-12-09    19.99                 7.99                  12.00
835    Godfall                                                                2021-12-09    14.99                 0.00                  14.99
503    Mortal Shell                                                           2021-12-09    29.99                 0.00                  29.99
464    LEGO DC Super-Villains                                                 2021-12-09    59.99                 0.00                  59.99
316    Captain Tsubasa: Rise of New Champions                                 2021-12-09    59.99                 19.79                 40.20
769    The Guy VR                                                             2021-12-25    9.99                  6.99                  3.00
743    I Expect You to Die 2                                                  2021-12-25    24.99                 0.00                  24.99
850    Kena: Bridge of Spirits                                                2021-12-25    39.99                 0.00                  39.99
851    Kerbal Space Program: Enhanced Edition                                 2021-12-25    39.99                 19.99                 20.00
881    Ratchet & Clank: Rift Apart                                            2021-12-25    79.99                 0.00                  79.99
915    The Witcher 3: Wild Hunt                                               2022-12-14    74.98                 24.98                 50.00
823    Fall Guys: Ultimate Knockout                                           2022-12-19    19.99                 0.00                  19.99
789    Apex Legends                                                           2022-12-19    0.00                  0.00                  0.00
583    Shovel Knight: Pocket Dungeon                                          2022-12-20    19.99                 14.99                 5.00
272    60 Seconds! Reatomized                                                 2022-12-20    9.99                  0.00                  9.99
879    Potion Permit                                                          2022-12-26    24.99                 0.00                  24.99
822    F1 Manager                                                             2022-12-27    54.99                 0.00                  54.99
842    Horizon Forbidden West                                                 2022-12-28    79.99                 49.59                 30.40
413    Good Dog Bad Dog                                                       2022-12-28    16.99                 0.00                  16.99
519    Onee Chanbara Origin                                                   2022-12-28    49.99                 22.49                 27.50
873    OlliOlli World                                                         2022-12-28    29.99                 9.89                  20.10
858    Lost Judgment: Ultimate Edition                                        2023-12-02    89.99                 22.49                 67.50
880    PowerWash Simulator                                                    2023-12-05    24.99                 0.00                  24.99
854    LEGO 2K Drive                                                          2023-12-05    69.99                 0.00                  69.99
890    Sable                                                                  2023-12-05    24.99                 0.00                  24.99
857    Like a Dragon Gaiden: The Man Who Erased His Name                      2023-12-25    54.99                 0.00                  54.99

(87 row(s) affected)

