ID     Game                                                                   Purchase_Date Full_Price            Sale_Price            Savings
------ ---------------------------------------------------------------------- ------------- --------------------- --------------------- ---------------------
28     Kula World                                                             2011-09-08    4.99                  4.99                  0.00
548    Rayman Legends                                                         2015-09-06    39.98                 26.99                 12.99
513    Octodad: Dadliest Catch                                                2015-09-06    13.99                 7.00                  6.99
709    Yu-Gi-Oh! Legacy of the Duelist                                        2015-09-10    35.94                 35.94                 0.00
158    Metal Gear Solid 2: Sons of Liberty                                    2015-09-12    23.99                 23.99                 0.00
159    Metal Gear Solid 3: Snake Eater                                        2015-09-12    22.99                 22.99                 0.00
525    PaRappa The Rapper 2                                                   2016-09-06    9.99                  5.99                  4.00
490    Mega Man Legacy Collection                                             2016-09-06    14.99                 7.99                  7.00
339    Dark Cloud                                                             2016-09-06    14.99                 8.99                  6.00
416    Grand Theft Auto III (2001)                                            2016-09-06    10.99                 5.99                  5.00
417    Grand Theft Auto: Vice City (2002)                                     2016-09-06    12.00                 7.00                  5.00
418    Grand Theft Auto: San Andreas (2004)                                   2016-09-06    12.00                 7.00                  5.00
569    Rocketbirds 2: Evolution                                               2016-09-06    12.99                 12.99                 0.00
540    Psychonauts                                                            2016-09-10    10.99                 7.99                  3.00
562    Retro City Rampage DX                                                  2016-09-10    9.99                  4.99                  5.00
641    The Last Of Us: Left Behind Remastered                                 2016-09-11    9.99                  4.99                  5.00
628    Tetris Ultimate                                                        2016-09-22    39.99                 5.99                  34.00
499    Monopoly Family Fun Pack                                               2016-09-22    29.99                 19.99                 10.00
322    Child Of Light                                                         2016-09-22    14.99                 4.99                  10.00
389    FIFA 18                                                                2017-09-29    69.99                 69.99                 0.00
237    Zombie Tycoon II: Brainhov`s Revenge                                   2018-09-02    6.19                  6.19                  0.00
486    Marvel`s Spider-Man                                                    2018-09-07    79.99                 0.00                  79.99
385    Far Cry 5                                                              2018-09-29    99.98                 49.98                 50.00
3      Bishi Bashi Special                                                    2018-09-30    4.99                  4.99                  0.00
5      Cho Aniki                                                              2018-09-30    4.99                  4.99                  0.00
26     Jumping Flash                                                          2018-09-30    4.99                  4.99                  0.00
149    Lemmings (2007)                                                        2018-09-30    12.98                 12.98                 0.00
154    Lone Survivor: The Director`s Cut                                      2018-09-30    9.99                  9.99                  0.00
452    Katamari Damacy: Reroll                                                2018-09-30    49.98                 40.98                 9.00
241    Flame Over                                                             2018-09-30    9.99                  9.99                  0.00
245    Jet Set Radio                                                          2018-09-30    7.99                  7.99                  0.00
256    Spy Hunter (2012)                                                      2018-09-30    19.99                 19.99                 0.00
258    SunFlowers                                                             2018-09-30    2.99                  2.99                  0.00
259    Surge Deluxe                                                           2018-09-30    4.99                  4.99                  0.00
265    Wanderjahr                                                             2018-09-30    9.99                  9.99                  0.00
59     Tombi 2!: The Evil Swine Return                                        2018-09-30    7.99                  7.99                  0.00
73     Burnout Legends                                                        2018-09-30    9.99                  9.99                  0.00
74     Crazy Taxi: Fare Wars                                                  2018-09-30    4.49                  4.49                  0.00
91     Prinny                                                                 2018-09-30    9.99                  9.99                  0.00
94     Super Monkey Ball Adventure                                            2018-09-30    4.49                  4.49                  0.00
319    Catherine: Full Body                                                   2019-09-09    79.98                 79.98                 0.00
736    Gun Club VR                                                            2019-09-09    24.99                 12.49                 12.50
799    Borderlands 3                                                          2019-09-13    114.98                114.98                0.00
552    Resident Evil 0                                                        2019-09-19    19.99                 4.99                  15.00
553    Resident Evil (2002)                                                   2019-09-19    19.99                 4.99                  15.00
554    Resident Evil 4 (2005)                                                 2019-09-19    19.99                 7.99                  12.00
280    Another World                                                          2019-09-19    7.99                  2.99                  5.00
317    Castle Crashers: Remastered                                            2019-09-19    30.98                 30.98                 0.00
642    The Last of Us Part II                                                 2020-09-09    69.99                 0.00                  69.99
574    Saints Row IV: Re-Elected                                              2020-09-17    34.98                 7.49                  27.49
575    Saints Row IV: Gat out of Hell                                         2020-09-17    19.99                 7.99                  12.00
749    Marvel`s Iron Man VR                                                   2020-09-17    39.99                 0.00                  39.99
176    PlayStation Move Heroes                                                2020-09-17    12.49                 7.50                  4.99
186    Ratchet & Clank Future: Tools of Destruction                           2020-09-17    14.99                 10.00                 4.99
187    Ratchet & Clank Future: Quest for Booty                                2020-09-17    9.99                  9.99                  0.00
193    Red Dead Redemption                                                    2020-09-17    44.98                 18.00                 26.98
194    Resistance: Fall of Man                                                2020-09-17    2.00                  2.00                  0.00
100    Army of Two                                                            2020-09-17    2.00                  2.00                  0.00
103    Bayonetta                                                              2020-09-17    14.99                 4.00                  10.99
110    Call of Duty: Modern Warfare 2 (2009)                                  2020-09-17    29.99                 4.00                  25.99
113    Dead Rising 2                                                          2020-09-17    14.99                 3.50                  11.49
114    Dead Space (2008)                                                      2020-09-17    12.99                 4.00                  8.99
116    Deus Ex: Human Revolution                                              2020-09-17    12.99                 6.00                  6.99
117    Dishonored                                                             2020-09-17    9.99                  3.00                  6.99
120    Duke Nukem Forever                                                     2020-09-17    12.99                 3.50                  9.49
122    F.E.A.R                                                                2020-09-17    12.00                 12.00                 0.00
124    Family Guy: Back to the Multiverse                                     2020-09-17    8.00                  8.00                  0.00
126    Far Cry 2                                                              2020-09-17    9.99                  2.00                  7.99
136    Grand Theft Auto IV: The Complete Collection                           2020-09-17    49.97                 22.00                 27.97
144    Kane and Lynch: Dead Men                                               2020-09-17    9.99                  2.00                  7.99
145    Kane and Lynch 2: Dog Days                                             2020-09-17    9.99                  2.00                  7.99
217    The Darkness                                                           2020-09-17    3.00                  3.00                  0.00
218    The Darkness 2                                                         2020-09-17    2.50                  2.50                  0.00
669    Trover Saves The Universe                                              2021-09-07    29.99                 0.00                  29.99
733    Floor Plan                                                             2021-09-07    5.99                  0.00                  5.99
821    F1 2021                                                                2021-09-07    69.99                 0.00                  69.99
907    Terminator: Resistance Enhanced                                        2021-09-16    44.99                 26.99                 18.00
425    Hitman 2                                                               2021-09-22    69.99                 0.00                  69.99
793    AWAY: The Survival Series                                              2021-09-28    29.99                 0.00                  29.99
903    Subnautica: Below Zero                                                 2021-09-30    29.99                 19.49                 10.50
559    Resident Evil: Resistance                                              2021-09-30    0.00                  0.00                  0.00
414    Granblue Fantasy: Versus                                               2022-09-07    19.99                 0.00                  19.99
505    Need for Speed Heat                                                    2022-09-07    69.99                 0.00                  69.99
917    TOEM                                                                   2022-09-07    19.99                 0.00                  19.99
815    Destroy All Humans 2: Reprobed (2022)                                  2022-09-07    39.99                 0.00                  39.99
796    Biomutant                                                              2022-09-09    59.99                 29.99                 30.00
897    Sonic Origins                                                          2022-09-13    44.99                 0.00                  44.99
885    Resident Evil VII: Biohazard                                           2022-09-27    49.98                 26.98                 23.00
882    Resident Evil 2 (2019)                                                 2022-09-27    59.99                 59.99                 0.00
883    Resident Evil 3 (2020)                                                 2022-09-27    59.99                 19.79                 40.20
196    Sam and Max Season 3: The Devil`s Playhouse TTG                        2022-09-28    24.99                 24.99                 0.00
403    Generation Zero                                                        2023-09-05    29.99                 0.00                  29.99
893    Saints Row (2022)                                                      2023-09-05    69.99                 0.00                  69.99
856    Like a Dragon: Ishin                                                   2023-09-07    59.99                 0.00                  59.99
865    Music Racer: Ultimate                                                  2023-09-07    6.99                  0.00                  6.99
818    Dungeon Munchies                                                       2023-09-07    14.99                 0.00                  14.99
719    Budget Cuts                                                            2023-09-07    24.99                 0.00                  24.99
572    Run Sausage Run!                                                       2023-09-07    4.99                  0.00                  4.99
660    Total Arcade Racing                                                    2023-09-07    9.99                  0.00                  9.99
630    The Amazing American Circus                                            2023-09-07    19.99                 0.00                  19.99
501    Monster Prom: XXL                                                      2023-09-07    15.99                 0.00                  15.99
509    Ni No Kuni II: Revenant Kingdom                                        2023-09-08    69.99                 0.00                  69.99
539    Primal                                                                 2023-09-08    9.99                  0.00                  9.99
412    Going Under                                                            2023-09-08    19.99                 0.00                  19.99
442    Iris and the Giant                                                     2023-09-08    14.99                 0.00                  14.99
838    Grindstone                                                             2023-09-08    19.99                 0.00                  19.99
925    Wonder Boy: The Dragon`s Trap                                          2023-09-08    19.99                 0.00                  19.99
871    Nour: Play with your Food                                              2023-09-12    14.99                 0.00                  14.99
508    Ni No Kuni: Wrath of the White Witch                                   2023-09-13    49.99                 0.00                  49.99
884    Resident Evil 4 (2023)                                                 2023-09-26    69.99                 39.89                 30.10

(110 row(s) affected)

