ID     Game                                                                   Purchase_Date Full_Price            Sale_Price            Savings
------ ---------------------------------------------------------------------- ------------- --------------------- --------------------- ---------------------
129    Fight Night Champion                                                   2011-07-08    19.99                 15.00                 4.99
152    LittleBigPlanet Karting                                                2013-07-03    14.99                 14.99                 0.00
174    PAYDAY: The Heist                                                      2013-07-06    12.99                 12.99                 0.00
175    PlayStation All-Stars Battle Royale                                    2013-07-25    14.99                 14.99                 0.00
238    Crazy Market                                                           2015-07-02    0.00                  0.00                  0.00
239    Deathmatch Village                                                     2015-07-02    0.00                  0.00                  0.00
248    No Heroes Allowed: No Puzzles Either!                                  2015-07-02    5.99                  5.99                  0.00
249    Paint Park Plus                                                        2015-07-02    0.00                  0.00                  0.00
260    Table Football                                                         2015-07-02    0.00                  0.00                  0.00
268    Zero Escape: Virtue`s Last Reward                                      2015-07-02    19.99                 19.99                 0.00
266    Worms Revolution Extreme                                               2015-07-16    14.99                 0.00                  14.99
629    That`s You!                                                            2017-07-04    0.00                  0.00                  0.00
592    Sound Shapes                                                           2017-07-09    14.99                 3.99                  11.00
646    The Unfinished Swan                                                    2017-07-09    12.99                 2.99                  10.00
331    CounterSpy                                                             2017-07-09    12.99                 3.99                  9.00
364    Doki-Doki Universe                                                     2017-07-09    7.49                  1.99                  5.50
376    Entwined                                                               2017-07-09    7.99                  1.99                  6.00
561    RESOGUN                                                                2017-07-09    12.99                 3.99                  9.00
397    flOw                                                                   2017-07-09    4.99                  1.99                  3.00
398    Flower                                                                 2017-07-09    7.99                  1.99                  6.00
422    Heart&Slash                                                            2017-07-09    19.99                 3.99                  16.00
426    Hohokum                                                                2017-07-09    12.99                 3.99                  9.00
449    Journey                                                                2017-07-09    14.99                 14.99                 0.00
524    PaRappa The Rapper Remastered                                          2017-07-11    14.99                 14.99                 0.00
377    Escape Plan                                                            2017-07-13    19.99                 19.99                 0.00
271    101 Ways To Die                                                        2017-07-16    9.99                  4.99                  5.00
298    Beyond Eyes                                                            2017-07-23    12.99                 3.99                  9.00
323    Chime Sharp                                                            2017-07-23    9.99                  2.99                  7.00
542    Pumped BMX+                                                            2017-07-23    9.99                  2.99                  7.00
388    Fez                                                                    2017-07-23    9.99                  1.99                  8.00
478    LocoRoco                                                               2017-07-29    14.99                 14.99                 0.00
546    Rally Copters                                                          2018-07-14    10.99                 10.99                 0.00
142    Jet Car Stunts                                                         2018-07-14    6.99                  6.99                  0.00
587    Sleeping Dogs: Definitive Edition                                      2019-07-06    29.99                 4.49                  25.50
492    Mega Man X Legacy Collection                                           2019-07-22    19.99                 11.99                 8.00
493    Mega Man X Legacy Collection 2                                         2019-07-22    19.99                 11.99                 8.00
381    Fallout 4                                                              2019-07-22    19.99                 12.99                 7.00
661    Touhou Double Focus                                                    2019-07-22    19.99                 4.99                  15.00
693    Watch_Dogs 2                                                           2019-07-22    69.99                 14.99                 55.00
690    Virtua Fighter 5: Ultimate Showdown                                    2021-07-01    29.99                 0.00                  29.99
892    Saints Row The Third: Remastered                                       2021-07-06    49.98                 39.98                 10.00
703    WWE 2K Battlegrounds                                                   2021-07-06    39.99                 0.00                  39.99
784    You Are Being Followed                                                 2021-07-06    0.00                  0.00                  0.00
844    Human Fall Flat                                                        2021-07-06    14.99                 9.99                  5.00
609    Super Kickers League Ultimate                                          2021-07-07    19.99                 5.99                  14.00
639    The Last Guardian                                                      2021-07-12    34.99                 0.00                  34.99
895    Shing!                                                                 2021-07-21    19.99                 4.99                  15.00
898    Spacebase Startopia                                                    2021-07-21    49.99                 29.99                 20.00
909    The Darkside Detective                                                 2021-07-21    12.99                 9.74                  3.25
913    The Sinking City                                                       2021-07-21    64.99                 45.49                 19.50
566    Road Redemption                                                        2021-07-21    19.99                 7.99                  12.00
864    Metro Exodus                                                           2021-07-28    39.99                 9.99                  30.00
804    Chicory: A Colorful Tale                                               2022-07-03    19.99                 13.99                 6.00
819    Endling: Extinction is Forever                                         2023-07-04    29.99                 0.00                  29.99
787    Alan Wake Remastered                                                   2023-07-04    29.99                 0.00                  29.99
801    Call of Duty: Black Ops Cold War                                       2023-07-04    74.99                 0.00                  74.99

(56 row(s) affected)

