ID     Game                                                                   Purchase_Date Developer                           Country
------ ---------------------------------------------------------------------- ------------- ----------------------------------- --------------------
794    Axiom Verge 2                                                          2023-01-03    Thomas Happ Games                   USA
643    The Outer Worlds                                                       2023-02-03    Obsidian Entertainment              USA
916    Tiny Tina`s Wonderlands: Chaotic Great Edition                         2023-02-03    Gearbox Software                    USA
814    Destiny 2                                                              2023-02-07    Bungie                              USA
841    Hogwarts Legacy                                                        2023-02-07    Avalanche Software                  USA
527    Party Hard 2                                                           2023-02-08    Pinokl Games                        Ukraine
374    Empire of Sin: Deluxe Edition                                          2023-02-10    Romero Games                        Republic of Ireland
236    Yakuza: Dead Souls                                                     2023-02-14    Ryu Ga Gotoku                       Japan
195    Saints Row 2                                                           2023-02-14    Deep Silver Volition                USA
848    Judgment                                                               2023-02-26    Ryu Ga Gotoku                       Japan
795    Battlefield 2042                                                       2023-03-07    EA DICE                             Sweden
327    Code Vein                                                              2023-03-07    Bandai Namco Studios                Japan
497    Minecraft Dungeons                                                     2023-03-07    Mojang Studios                      Sweden
581    Shadow of the Tomb Raider                                              2023-03-29    Eidos Montreal                      Canada
878    Postal 4: No Regerts                                                   2023-03-29    Running with Scissors               USA
863    Meet Your Maker                                                        2023-04-04    Behaviour Interactive               Canada
905    Tails of Iron                                                          2023-04-04    Odd Bug Studios                     England
229    Tomb Raider (2013)                                                     2023-04-20    Crystal Dynamics                    USA
276    Action Henk                                                            2023-05-02    RageSquid                           Netherlands
354    Descenders                                                             2023-05-02    RageSquid                           Netherlands
365    Don`t Starve                                                           2023-05-02    Klei Entertainment                  Canada
411    Godlike Burger                                                         2023-05-02    Liquid Pug                          Belarus
739    Horror Bar VR                                                          2023-05-02    VR Factory                          Poland
837    GRID Legends                                                           2023-05-02    Codemasters                         England
920    Tunic                                                                  2023-05-04    Isometricorp Games                  Canada
867    New Tales from the Borderlands                                         2023-05-12    Gearbox Quebec                      Canada
670    Turnip Boy Commits Tax Evasion                                         2023-05-12    Snoozy Kazoo                        USA
696    Wolfenstein: The New Order                                             2023-05-12    MachineGames                        Sweden
697    Wolfenstein: The Old Blood                                             2023-05-12    MachineGames                        Sweden
698    Wolfenstein II: The New Colossus                                       2023-05-12    MachineGames                        Sweden
699    Wolfenstein: Youngblood                                                2023-05-12    MachineGames                        Sweden
307    Breaking Enigma                                                        2023-05-24    Alphanu Game Studios                England
828    FIFA 23                                                                2023-05-24    EA Vancouver                        Canada
906    Tchia                                                                  2023-06-03    Awaceb                              France
919    Trek to Yomi                                                           2023-06-06    Flying Wild Hog                     Poland
866    NBA 2K23                                                               2023-06-06    Visual Concepts                     USA
849    Jurassic World Evolution 2                                             2023-06-06    Frontier Developments               England
819    Endling: Extinction is Forever                                         2023-07-04    Herobeat Studios                    Spain
801    Call of Duty: Black Ops Cold War                                       2023-07-04    Treyarch                            USA
787    Alan Wake Remastered                                                   2023-07-04    Remedy Entertainment                Finland
812    Death`s Door                                                           2023-08-02    Acid Nerve                          England
922    Two Point Campus                                                       2023-08-05    Two Point Studios                   England
893    Saints Row (2022)                                                      2023-09-05    Deep Silver Volition                USA
403    Generation Zero                                                        2023-09-05    Systemic Reaction                   Sweden
719    Budget Cuts                                                            2023-09-07    Neat Corporation                    Sweden
660    Total Arcade Racing                                                    2023-09-07    Pretty Fly Studios                  Sweden
630    The Amazing American Circus                                            2023-09-07    Juggler Games                       Poland
501    Monster Prom: XXL                                                      2023-09-07    Beautiful Glitch                    Spain
572    Run Sausage Run!                                                       2023-09-07    CrazyLabs                           Israel
818    Dungeon Munchies                                                       2023-09-07    maJAJa                              Taiwan
865    Music Racer: Ultimate                                                  2023-09-07    Sometimes You                       Russia
856    Like a Dragon: Ishin                                                   2023-09-07    Ryu Ga Gotoku                       Japan
838    Grindstone                                                             2023-09-08    Capybara Games                      Canada
442    Iris and the Giant                                                     2023-09-08    Louis Rigaud                        France
509    Ni No Kuni II: Revenant Kingdom                                        2023-09-08    Level-5                             Japan
539    Primal                                                                 2023-09-08    Guerrilla Cambridge                 England
412    Going Under                                                            2023-09-08    Aggro Crab                          USA
925    Wonder Boy: The Dragon`s Trap                                          2023-09-08    Lizardcube                          France
871    Nour: Play with your Food                                              2023-09-12    Terrifying Jellyfish                USA
508    Ni No Kuni: Wrath of the White Witch                                   2023-09-13    Level-5                             Japan
884    Resident Evil 4 (2023)                                                 2023-09-26    Capcom                              Japan
825    Farming Simulator 22                                                   2023-10-03    GIANTS Software                     Switzerland
926    Weird West: Definitive Edition                                         2023-10-03    WolfEye Studios                     France
908    The Callisto Protocol                                                  2023-10-03    Striking Distance Studios           USA
786    A Plague Tale: Requiem                                                 2023-10-15    Asobo Studio                        France
862    Marvel`s Spider-Man 2: Digital Deluxe Edition                          2023-10-20    Insomniac Games                     USA
551    Resident Evil: Code Veronica X                                         2023-10-25    Capcom                              Japan
788    Aliens: Fireteam Elite                                                 2023-11-07    Cold Iron Studios                   USA
806    Coffee Talk                                                            2023-11-26    Toge Productions                    Indonesia
807    Coffee Talk Episode 2: Hibiscus and Butterfly                          2023-11-26    Toge Productions                    Indonesia
428    Holy Potatoes! A Weapon Shop?!                                         2023-11-26    Daylight Studios                    Singapore
429    Holy Potatoes! We`re in Space?!                                        2023-11-26    Daylight Studios                    Singapore
430    Holy Potatoes! What the Hell?!                                         2023-11-26    Daylight Studios                    Singapore
312    Bud Spencer & Terence Hill - Slaps and Beans                           2023-11-26    Trinity Team                        Italy
346    de Blob                                                                2023-11-26    Blue Tongue Entertainment           Australia
858    Lost Judgment: Ultimate Edition                                        2023-12-02    Ryu Ga Gotoku                       Japan
890    Sable                                                                  2023-12-05    Shedworks                           England
880    PowerWash Simulator                                                    2023-12-05    FuturLab                            England
854    LEGO 2K Drive                                                          2023-12-05    Visual Concepts                     USA
857    Like a Dragon Gaiden: The Man Who Erased His Name                      2023-12-25    Ryu Ga Gotoku                       Japan

(80 row(s) affected)

