ID     Game                                                                   Purchase_Date Developer                           Country
------ ---------------------------------------------------------------------- ------------- ----------------------------------- --------------------
366    Donut County                                                           2020-01-26    Ben Esposito                        USA
296    Bear With Me                                                           2020-02-06    Exordium Games                      Croatia
692    Watch_Dogs                                                             2020-02-06    Ubisoft Montreal                    Canada
2      Beyblade: Let It Rip!                                                  2020-02-21    Crave                               Japan
617    Syrup and the Ultimate Sweet                                           2020-03-04    NomNomNami                          USA
329    Concrete Genie                                                         2020-03-13    Pixelopus                           USA
287    Aven Colony                                                            2020-03-13    Mothership Entertainment            USA
713    Apocalypse Rider                                                       2020-03-13    VRMonkey                            Brazil
350    Dead Rising                                                            2020-03-17    Capcom                              Japan
372    Dreams                                                                 2020-03-17    Media Molecule                      England
662    Trials Fusion: The Awesome MAX Edition                                 2020-03-22    RedLynx                             France
328    Color Slayer                                                           2020-03-22    The Domaginarium                    El Salvador
579    Scribblenauts Mega Pack                                                2020-03-22    5th Cell                            USA
732    Everybody`s Golf VR                                                    2020-03-22    Clap Hanz                           Japan
711    Animal Force                                                           2020-03-22    ISVR                                China
777    Ultrawings                                                             2020-03-22    Bit Planet Games                    USA
391    FIFA 20                                                                2020-04-01    EA Vancouver                        Canada
415    Grand Ages: Medieval                                                   2020-04-01    Gaming Minds Studios                Germany
292    Batman: Arkham Asylum                                                  2020-04-01    Rocksteady Studios                  England
293    Batman: Arkham City                                                    2020-04-01    Rocksteady Studios                  England
294    Batman: Arkham Knight                                                  2020-04-01    Rocksteady Studios                  England
401    Futuridium                                                             2020-04-16    MixedBag                            Italy
482    Mafia III                                                              2020-04-16    Hangar 13                           USA
399    forma.8                                                                2020-04-21    MixedBag                            Italy
606    Stikbold! A Dodgeball Adventure                                        2020-05-13    Game Swing                          Denmark
533    Plants vs Zombies: Battle for Neighborville                            2020-05-13    PopCap Games                        USA
638    The Flame in the Flood                                                 2020-05-13    The Molasses Flood                  USA
706    Yomawari: Midnight Shadows                                             2020-06-10    Nippon Ichi Software                Japan
672    Two Point Hospital                                                     2020-06-24    Two Point Studios                   England
704    XCOM 2                                                                 2020-08-20    Firaxis Games                       USA
326    ClusterTruck                                                           2020-08-24    Landfall Games                      Sweden
356    Destroy All Humans! (2020)                                             2020-08-28    Black Forest Games                  Germany
521    Outlast                                                                2020-08-28    Red Barrels                         Canada
599    Star Wars Episode I: Pod Racer                                         2020-08-28    LucasArts                           USA
753    Perfect VR                                                             2020-08-28    nDreams                             England
642    The Last of Us Part II                                                 2020-09-09    Naughty Dog                         USA
574    Saints Row IV: Re-Elected                                              2020-09-17    High Voltage Software               USA
575    Saints Row IV: Gat out of Hell                                         2020-09-17    High Voltage Software               USA
176    PlayStation Move Heroes                                                2020-09-17    Nihilistic Software                 USA
186    Ratchet & Clank Future: Tools of Destruction                           2020-09-17    Insomniac Games                     USA
187    Ratchet & Clank Future: Quest for Booty                                2020-09-17    Insomniac Games                     USA
193    Red Dead Redemption                                                    2020-09-17    Rockstar San Diego                  USA
194    Resistance: Fall of Man                                                2020-09-17    Insomniac Games                     USA
217    The Darkness                                                           2020-09-17    Starbreeze Studios                  Sweden
218    The Darkness 2                                                         2020-09-17    Digital Extremes                    Canada
100    Army of Two                                                            2020-09-17    EA Montreal                         Canada
103    Bayonetta                                                              2020-09-17    PlatinumGames                       Japan
110    Call of Duty: Modern Warfare 2 (2009)                                  2020-09-17    Infinity Ward                       USA
113    Dead Rising 2                                                          2020-09-17    Capcom Vancouver                    Canada
114    Dead Space (2008)                                                      2020-09-17    EA Redwood Shores                   USA
116    Deus Ex: Human Revolution                                              2020-09-17    Eidos Montreal                      Canada
117    Dishonored                                                             2020-09-17    Arkane Studios                      France
120    Duke Nukem Forever                                                     2020-09-17    3D Realms                           Denmark
122    F.E.A.R                                                                2020-09-17    Monolith Productions                USA
124    Family Guy: Back to the Multiverse                                     2020-09-17    Heavy Iron Studios                  USA
126    Far Cry 2                                                              2020-09-17    Ubisoft Montreal                    Canada
136    Grand Theft Auto IV: The Complete Collection                           2020-09-17    Rockstar North                      Scotland
144    Kane and Lynch: Dead Men                                               2020-09-17    IO Interactive                      Denmark
145    Kane and Lynch 2: Dog Days                                             2020-09-17    IO Interactive                      Denmark
749    Marvel`s Iron Man VR                                                   2020-09-17    Camouflaj                           USA
809    Crash Bandicoot 4: It`s About Time                                     2020-10-01    Toys For Bob                        USA
440    Injustice: Gods Among Us                                               2020-10-01    NetherRealm Studios                 USA
423    Heavy Rain                                                             2020-10-11    Quantic Dream                       France
168    Naughty Bear                                                           2020-10-11    Artificial Mind and Movement        Canada
137    Hitman: Absolution                                                     2020-10-11    IO Interactive                      Denmark
128    FIFA Street (2012)                                                     2020-10-11    EA Vancouver                        Canada
118    DJ Hero                                                                2020-10-11    Ubisoft Leamington                  England
119    DJ Hero 2                                                              2020-10-11    Ubisoft Leamington                  England
107    Blur                                                                   2020-10-11    Bizarre Creations                   England
108    Brink                                                                  2020-10-11    Splash Damage                       England
109    Buzz! Quiz World                                                       2020-10-11    Relentless Software                 England
219    The House of the Dead: Overkill                                        2020-10-11    SEGA                                Japan
222    The Simpsons Game                                                      2020-10-11    EA Redwood Shores                   USA
231    Twisted Metal (2012)                                                   2020-10-11    Eat Sleep Play                      USA
232    UFC 2009 Undisputed                                                    2020-10-11    Yuke`s                              Japan
198    Silent Hill HD Collection                                              2020-10-11    Konami                              Japan
214    The Amazing Spider-Man                                                 2020-10-11    Beenox                              Canada
427    Hollow Knight: Voidheart Edition                                       2020-11-03    Team Cherry                         Australia
588    Slender: The Arrival                                                   2020-11-04    Blue Isle Studios                   Canada
278    Amnesia: Collection                                                    2020-11-04    Frictional Games                    Sweden
406    Ghost of Tsushima                                                      2020-11-22    Sucker Punch Productions            USA
481    Mafia: Definitive Edition (2020)                                       2020-12-11    Hangar 13                           USA
284    Armikrog                                                               2020-12-15    Pencil Test Studios                 USA
494    Metal Gear Solid V: The Phantom Pain                                   2020-12-25    Kojima Productions                  Japan
595    Spelunky                                                               2020-12-25    Mossmouth LLC                       USA
631    The Binding of Isaac: Rebirth                                          2020-12-25    Nicalis                             USA

(86 row(s) affected)

