ID     Game                                                                   Purchase_Date Developer                           Country
------ ---------------------------------------------------------------------- ------------- ----------------------------------- --------------------
529    Persona 5 Strikers                                                     2022-01-04    Omega Force                         Japan
813    Deep Rock Galactic                                                     2022-01-04    Ghost Ship Games                    Denmark
816    DIRT 5                                                                 2022-01-04    Codemasters                         England
605    SteamWorld Dig 2                                                       2022-01-06    Image & Form                        Sweden
847    It Takes Two                                                           2022-01-06    Hazelight Studios                   Sweden
831    Fortnite                                                               2022-01-13    Epic Games                          USA
458    Knack                                                                  2022-01-20    Team Asobi (Japan Studio)           Japan
459    Knack 2                                                                2022-01-20    Team Asobi (Japan Studio)           Japan
314    Call of Duty: Black Ops III                                            2022-01-29    Treyarch                            USA
912    The Persistence                                                        2022-01-29    Firesprite                          England
877    Planet Coaster                                                         2022-02-01    Frontier Developments               England
657    Tiny Tina`s Assault on Dragon Keep: A Wonderlands One-Shot Adventure   2022-02-01    Gearbox Software                    USA
674    UFC 4                                                                  2022-02-01    EA Vancouver                        Canada
824    Far Cry 6: Gold Edition                                                2022-02-02    Ubisoft Toronto                     Canada
900    Star Wars Jedi: Fallen Order                                           2022-02-02    Respawn Entertainment               USA
811    Cyberpunk 2077                                                         2022-02-15    CD Projekt Red                      Poland
537    PONG Quest                                                             2022-02-17    Chequered Ink Ltd                   England
282    ARK: Survival Evolved                                                  2022-03-01    Studio Wildcard                     USA
833    Ghostrunner                                                            2022-03-01    Slipgate Ironworks                  Denmark
620    Team Sonic Racing                                                      2022-03-01    Sumo Digital                        England
790    Art of Rally                                                           2022-03-03    Funselektor Labs Inc                Canada
353    DEEEER Simulator: Your Average Everyday Deer Game                      2022-03-03    Gibier Games                        Japan
451    Kandagawa Jet Girls                                                    2022-03-03    Honey Parade Games                  Japan
453    Keep Talking and Nobody Explodes                                       2022-03-03    Steel Crate Games                   Canada
465    Leisure Suit Larry: Wet Dreams Don`t Dry                               2022-03-20    CrazyBunch                          Germany
466    Leisure Suit Larry: Wet Dreams Dry Twice                               2022-03-20    CrazyBunch                          Germany
510    Night Book                                                             2022-03-20    Wales Interactive                   Wales
437    I am Bread                                                             2022-03-20    Bossa Studios                       England
394    Five Dates                                                             2022-03-20    Wales Interactive                   Wales
633    The Complex                                                            2022-03-20    Wales Interactive                   Wales
836    Grand Theft Auto V                                                     2022-03-20    Rockstar North                      Scotland
797    BloodRayne: ReVamped                                                   2022-03-20    Terminal Reality                    USA
798    BloodRayne 2: ReVamped                                                 2022-03-20    Terminal Reality                    USA
586    Slay the Spire                                                         2022-04-05    Humble Bundle                       USA
803    Chicken Police: Paint It Red                                           2022-04-15    The Wild Gentlemen                  Hungary
783    Wanderer                                                               2022-04-27    Oddboy                              New Zealand
450    Just Die Already                                                       2022-04-27    DoubleMoose Games                   Sweden
335    Curse of the Dead Gods                                                 2022-05-03    Passtech Games                      France
663    Tribes of Midgard                                                      2022-05-03    Norsfell Games                      Canada
827    FIFA 22                                                                2022-05-03    EA Vancouver                        Canada
834    Ghostwire: Tokyo                                                       2022-05-27    Tango Gameworks                     Japan
507    Neon Drive                                                             2022-05-27    Fraoula                             Slovenia
676    Unbox: Newbie`s Adventure                                              2022-05-27    Prospect Games                      England
759    Sam & Max: This Time It`s Virtual!                                     2022-05-27    HappyGiant                          USA
762    Sniper Elite VR                                                        2022-05-27    Just Add Water Ltd                  England
395    Flashback                                                              2022-05-27    Delphine Software International     France
400    Formula Retro Racing                                                   2022-05-27    Repixel8                            England
367    DOOM (1993)                                                            2022-05-27    id Software                         USA
368    DOOM II                                                                2022-05-27    id Software                         USA
369    DOOM 64                                                                2022-05-27    Midway Games                        USA
380    Fahrenheit (Indigo Prophecy)                                           2022-05-27    Quantic Dream                       France
302    BLACKSAD: Under the Skin                                               2022-05-27    Pendulo Studios                     Spain
589    Sniper Elite V2 Remastered                                             2022-05-27    Rebellion Developments              England
538    Postal Redux                                                           2022-05-27    Running With Scissors               USA
544    Quake                                                                  2022-05-27    id Software                         USA
889    Rustler                                                                2022-05-27    Jutsu Games                         Poland
868    Nickelodeon All Stars Brawl                                            2022-06-08    Ludosity                            Sweden
802    Can`t Drive This                                                       2022-06-08    Pixel Maniacs                       Germany
804    Chicory: A Colorful Tale                                               2022-07-03    Greg Lobanov                        USA
829    Final Fantasy VII (2021)                                               2022-08-03    Square Enix                         Japan
476    Little Nightmares                                                      2022-08-03    Tarsier Studios                     Sweden
914    The Stanley Parable: Ultra Deluxe                                      2022-08-03    Crows Crows Crows                   Germany
805    Cloudpunk                                                              2022-08-23    Ion Lands                           Germany
815    Destroy All Humans 2: Reprobed (2022)                                  2022-09-07    Black Forest Games                  Germany
505    Need for Speed Heat                                                    2022-09-07    EA Gothenburg                       Sweden
414    Granblue Fantasy: Versus                                               2022-09-07    Arc System Works                    Japan
917    TOEM                                                                   2022-09-07    Something We Made                   Sweden
796    Biomutant                                                              2022-09-09    Experiment 101                      Sweden
897    Sonic Origins                                                          2022-09-13    SEGA                                Japan
882    Resident Evil 2 (2019)                                                 2022-09-27    Capcom                              Japan
883    Resident Evil 3 (2020)                                                 2022-09-27    Capcom                              Japan
885    Resident Evil VII: Biohazard                                           2022-09-27    Capcom                              Japan
196    Sam and Max Season 3: The Devil`s Playhouse TTG                        2022-09-28    Telltale Games                      USA
576    Sam and Max Season 1: Save The World TTG                               2022-10-02    Telltale Games                      USA
577    Sam and Max Season 2: Beyond Time and Space TTG                        2022-10-02    Telltale Games                      USA
441    Injustice 2                                                            2022-10-05    NetherRealm Studios                 USA
843    Hot Wheels Unleashed                                                   2022-10-05    Milestone                           Italy
910    The Darkside Detective: A Fumble in the Dark                           2022-10-20    Spooky Doorway                      Republic of Ireland
894    Shantae and The Pirate`s Curse                                         2022-10-30    WayForward Technologies Inc         USA
810    Cult of the Lamb                                                       2022-10-30    Massive Monster                     Australia
839    Heavenly Bodies                                                        2022-11-02    2pt Interactive                     Australia
869    Nioh 2                                                                 2022-11-02    Team Ninja                          Japan
875    Overcooked: All You Can Eat Edition                                    2022-11-04    Ghost Town Games                    England
891    Sackboy: A Big Adventure                                               2022-11-18    Sumo Digital                        England
852    Klonoa Phantasy Reverie Series (2022)                                  2022-11-18    Bandai Namco Studios                Japan
861    Marvel`s Spider-Man: Miles Morales                                     2022-11-18    Insomniac Games                     USA
887    Returnal                                                               2022-11-18    Housemarque                         Finland
817    Disney Dreamlight Valley                                               2022-11-18    Gameloft                            France
901    Stray                                                                  2022-11-24    BlueTwelve Studio                   France
915    The Witcher 3: Wild Hunt                                               2022-12-14    CD Projekt Red                      Poland
823    Fall Guys: Ultimate Knockout                                           2022-12-19    Mediatonic                          England
789    Apex Legends                                                           2022-12-19    Respawn Entertainment               USA
272    60 Seconds! Reatomized                                                 2022-12-20    Robot Gentleman                     Poland
583    Shovel Knight: Pocket Dungeon                                          2022-12-20    Yacht Club Games                    USA
879    Potion Permit                                                          2022-12-26    MassHive Media                      Indonesia
822    F1 Manager                                                             2022-12-27    Frontier Developments               England
842    Horizon Forbidden West                                                 2022-12-28    Guerrilla Games                     Netherlands
519    Onee Chanbara Origin                                                   2022-12-28    Tamsoft                             Japan
413    Good Dog Bad Dog                                                       2022-12-28    Play Em                             USA
873    OlliOlli World                                                         2022-12-28    Roll7                               England

(100 row(s) affected)

