ID     Game                                                                   Purchase_Date Developer                           Country
------ ---------------------------------------------------------------------- ------------- ----------------------------------- --------------------
729    Eagle Flight                                                           2019-01-01    Ubisoft Montreal                    Canada
731    Everest VR                                                             2019-01-01    Solfar Studios                      Iceland
737    Headmaster                                                             2019-01-01    Frame Interactive                   USA
750    Mervils: A VR Adventure                                                2019-01-01    VitruviusVR                         Canada
758    RIGS: Mechanized Combat League VR                                      2019-01-01    Guerrilla Cambridge                 England
776    Tumble VR                                                              2019-01-01    Supermassive Games                  England
781    VR Ping Pong                                                           2019-01-01    Reddoll Srl                         Italy
782    VR The Diner Duo                                                       2019-01-01    Whirlybird Games                    Sweden
778    Until Dawn: Rush Of Blood                                              2019-01-03    Supermassive Games                  England
760    Shooty Fruity                                                          2019-01-03    nDreams                             England
763    Space Pirate Trainer VR                                                2019-01-03    I-Illusions                         Belgium
764    Sprint Vector                                                          2019-01-03    Survios                             USA
751    Moss                                                                   2019-01-03    Polyarc                             USA
746    Knockout League                                                        2019-01-03    Grab Games                          USA
738    Homestar VR                                                            2019-01-03    Pocket Ohira Tech                   Japan
741    Hustle Kings VR                                                        2019-01-03    VooFoo Studios                      England
742    I Expect You To Die                                                    2019-01-03    Schell Games                        USA
720    Carnival Games VR                                                      2019-01-03    Cat Daddy Games                     USA
725    DOOM VFR                                                               2019-01-03    id Software                         USA
761    Skyrim VR                                                              2019-01-04    Bethesda Game Studios               USA
770    The Playroom VR                                                        2019-01-04    Team Asobi (Japan Studio)           Japan
755    Psychonauts in the Rhombus Of Ruin VR                                  2019-01-07    Double Fine Productions             USA
765    Star Trek: Bridge Crew VR                                              2019-01-07    Red Storm Entertainment             USA
766    Superhot VR                                                            2019-01-07    Superhot Team                       Poland
716    Batman: Arkham VR                                                      2019-01-07    Rocksteady Studios                  England
724    Discovery                                                              2019-01-07    Noowanda                            Germany
730    EVE: Valkyrie                                                          2019-01-07    CCP Games                           Iceland
722    CoolpaintrVR                                                           2019-01-07    Wildbit Studios                     Spain
712    Apex Construct                                                         2019-01-07    Fast Travel Games                   Sweden
734    Fruit Ninja VR                                                         2019-01-10    Halfbrick Studios                   Australia
717    Beat Saber                                                             2019-01-10    Beat Games                          Czech Republic
721    Catch & Release                                                        2019-01-10    metricminds                         Germany
726    Dream Match Tennis VR                                                  2019-01-10    Bimboosoft                          Japan
727    DriveClub VR                                                           2019-01-10    Evolution Studios                   England
767    Tetris Effect: Connected                                               2019-01-10    Monstars                            Japan
744    Job Simulator VR                                                       2019-01-10    Owlchemy Labs                       USA
772    Tiny Trax                                                              2019-01-10    FuturLab                            England
757    Rick & Morty: Virtual Rick-ality                                       2019-01-10    Owlchemy Labs                       USA
715    ASTRO BOT Rescue Mission                                               2019-01-12    Team Asobi (Japan Studio)           Japan
707    Yooka-Laylee                                                           2019-02-23    Playtonic Games                     England
573    Saban`s Mighty Morphin Power Rangers: Mega Battle                      2019-02-23    Bamtang Games                       Peru
289    Badland                                                                2019-02-23    Frogmind Games                      Finland
336    Dangerous Golf                                                         2019-02-23    Three Fields Entertainment          England
337    Danger Zone                                                            2019-02-23    Three Fields Entertainment          England
382    Far Cry 3                                                              2019-02-23    Ubisoft Montreal                    Canada
383    Far Cry 4                                                              2019-02-23    Ubisoft Montreal                    Canada
384    Far Cry: Primal                                                        2019-02-23    Ubisoft Montreal                    Canada
461    LEGO City Undercover                                                   2019-02-23    TT Games                            England
659    ToeJam & Earl: Back In The Groove (2019)                               2019-03-01    HumaNature Studios                  USA
756    Rez Infinite VR                                                        2019-03-19    Enhance Games                       USA
723    Creed: Rise To Glory                                                   2019-03-24    Survios                             USA
386    Far Cry: New Dawn                                                      2019-03-24    Ubisoft Montreal                    Canada
308    Bridge Constructor                                                     2019-03-24    ClockStone Studios                  Austria
305    Borderlands: Game of the Year Edition                                  2019-04-03    Gearbox Software                    USA
728    Drunkn Bar Fight                                                       2019-04-09    The Munky                           USA
768    The American Dream                                                     2019-04-09    Samurai Punk                        Australia
313    Burnout Paradise: Remastered                                           2019-05-06    Criterion Games                     England
780    VR Karts                                                               2019-05-30    Viewpoint Games                     England
304    Bloodborne                                                             2019-06-07    FromSoftware                        Japan
433    Horizon Zero Dawn                                                      2019-06-07    Guerrilla Games                     Netherlands
774    Trackmania Turbo                                                       2019-06-09    Nadeo                               France
343    Dark Souls III                                                         2019-06-17    FromSoftware                        Japan
333    Crash Team Racing: Nitro Fueled (2019)                                 2019-06-21    Beenox                              Canada
556    Resident Evil Revelations                                              2019-06-22    Capcom                              Japan
558    Resident Evil Revelations 2                                            2019-06-22    Capcom                              Japan
587    Sleeping Dogs: Definitive Edition                                      2019-07-06    United Front Games                  Canada
661    Touhou Double Focus                                                    2019-07-22    Aqua Style                          Japan
381    Fallout 4                                                              2019-07-22    Bethesda Game Studios               USA
693    Watch_Dogs 2                                                           2019-07-22    Ubisoft Montreal                    Canada
492    Mega Man X Legacy Collection                                           2019-07-22    Capcom                              Japan
493    Mega Man X Legacy Collection 2                                         2019-07-22    Capcom                              Japan
359    Devil May Cry Trilogy HD Collection                                    2019-08-08    Capcom                              Japan
360    Devil May Cry 4                                                        2019-08-08    Capcom                              Japan
361    Devil May Cry 5                                                        2019-08-08    Capcom                              Japan
324    Cities: Skylines                                                       2019-08-22    Colossal Order                      Finland
752    Penn & Teller VR                                                       2019-08-22    Gearbox Software                    USA
319    Catherine: Full Body                                                   2019-09-09    Atlus                               Japan
736    Gun Club VR                                                            2019-09-09    The Binary Mill                     Australia
799    Borderlands 3                                                          2019-09-13    Gearbox Software                    USA
317    Castle Crashers: Remastered                                            2019-09-19    The Behemoth                        USA
280    Another World                                                          2019-09-19    Delphine Software International     France
552    Resident Evil 0                                                        2019-09-19    Capcom                              Japan
553    Resident Evil (2002)                                                   2019-09-19    Capcom                              Japan
554    Resident Evil 4 (2005)                                                 2019-09-19    Capcom                              Japan
550    Red Dead Redemption 2                                                  2019-10-11    Rockstar San Diego                  USA
261    Table Top Racing                                                       2019-10-11    Playrise Digital Ltd                England
618    Table Top Racing: World Tour                                           2019-10-11    Playrise Digital Ltd                England
342    Dark Souls II: Scholar of the First Sin                                2019-10-17    FromSoftware                        Japan
489    MediEvil (2019)                                                        2019-10-25    Other Ocean Emeryville              USA
454    Kingdom Hearts HD 1.5 & 2.5 Remix                                      2019-11-17    Square Enix                         Japan
455    Kingdom Hearts HD 2.8 Final Chapter Prologue                           2019-11-17    Square Enix                         Japan
456    Kingdom Hearts III                                                     2019-11-17    Square Enix                         Japan
615    Surgeon Simulator                                                      2019-12-05    Bossa Studios                       England
735    Groundhog Day: Like Father Like Son                                    2019-12-05    Tequila Works                       Spain
773    Track Lab                                                              2019-12-05    Little Chicken                      Netherlands
747    Kona VR                                                                2019-12-05    Parabole                            Canada
748    Lethal VR                                                              2019-12-05    Three Fields Entertainment          England
687    Untitled Goose Game                                                    2019-12-17    House House                         Australia
708    Yooka-Laylee and the Impossible Lair                                   2019-12-25    Playtonic Games                     England
650    The Walking Dead: The Final Season TTG                                 2019-12-25    Telltale Games                      USA
580    Sekiro: Shadows Die Twice                                              2019-12-25    FromSoftware                        Japan
718    BoxVR                                                                  2019-12-25    FitXR                               USA
303    Blood Bowl 2                                                           2019-12-25    Cyanide                             France
341    Dark Souls Remastered                                                  2019-12-25    FromSoftware                        Japan
363    Disney Classic Games: Aladdin & The Lion King                          2019-12-25    Digital Eclipse                     USA
371    DreamBall                                                              2019-12-25    Rampage Game Studio                 Spain

(106 row(s) affected)

