ID     Game                                                                   Purchase_Date Developer                           Country
------ ---------------------------------------------------------------------- ------------- ----------------------------------- --------------------
172    Oddworld: Munch`s Oddysee                                              2013-01-31    Oddworld Inhabitants                USA
140    inFamous 2                                                             2013-04-09    Sucker Punch Productions            USA
143    Joe Danger 2: The Movie                                                2013-04-09    Hello Games                         England
123    F1 Race Stars                                                          2013-04-10    Codemasters                         England
164    Mortal Kombat (2011)                                                   2013-04-25    NetherRealm Studios                 USA
166    Motorstorm Apocalypse                                                  2013-04-28    Evolution Studios                   England
127    Fat Princess                                                           2013-05-10    Titan Studios                       USA
131    Final Fantasy XIII                                                     2013-06-02    Square Enix                         Japan
235    XCOM Enemy Unknown                                                     2013-06-24    Firaxis Games                       USA
152    LittleBigPlanet Karting                                                2013-07-03    United Front Games                  Canada
174    PAYDAY: The Heist                                                      2013-07-06    Overkill Software                   Sweden
175    PlayStation All-Stars Battle Royale                                    2013-07-25    Superbot Entertainment              USA
213    Tekken Revolution                                                      2013-08-05    Bandai Namco Studios                Japan
171    Need for Speed: Most Wanted (2012)                                     2013-08-07    Criterion Games                     England
155    Mafia II                                                               2013-08-09    2K Czech                            Czech Republic
29     Medievil (1998)                                                        2013-10-04    Guerrilla Cambridge                 England
208    Superfrog HD                                                           2013-10-11    Team17                              England
148    LA Noire                                                               2013-10-12    Team Bondi                          Australia
35     PONG                                                                   2013-10-21    Supersonic Software                 England
58     Tombi!                                                                 2013-10-21    Whoopee Camp                        Japan
18     Final Fantasy VII (1997)                                               2013-10-25    Square Enix                         Japan
68     Sonic Heroes                                                           2013-10-31    SEGA                                Japan
70     The Sims                                                               2013-10-31    Maxis                               USA
71     The Sims 2                                                             2013-10-31    Maxis                               USA
228    Tokyo Jungle                                                           2013-11-21    Team Asobi (Japan Studio)           Japan
221    The Simpsons Arcade Game                                               2013-11-29    Konami                              Japan
153    Lollipop Chainsaw                                                      2013-12-20    Grasshopper Manufacture             Japan

(27 row(s) affected)

