ID     Game                                                                   Purchase_Date Developer                           Country
------ ---------------------------------------------------------------------- ------------- ----------------------------------- --------------------
189    Ratchet & Clank: QForce                                                2018-01-15    Insomniac Games                     USA
281    Ape Escape 2                                                           2018-01-15    Team Asobi (Japan Studio)           Japan
378    Everybody`s Golf (2017)                                                2018-01-24    Clap Hanz                           Japan
536    Polybius                                                               2018-02-24    Llamasoft                           England
608    Street Fighter 30th Anniversary Collection                             2018-05-29    Capcom                              Japan
286    Assault Android Cactus                                                 2018-06-17    Witch Beam                          Australia
407    Ghostbusters                                                           2018-06-24    FireForge Games                     USA
420    Harvest Moon: A Wonderful Life                                         2018-06-24    Marvelous Interactive               Japan
515    Okami HD                                                               2018-06-24    Clover Studio                       Japan
702    WRC 6                                                                  2018-06-24    Kylotonn                            France
564    Rise Of The Tomb Raider                                                2018-06-24    Crystal Dynamics                    USA
655    This Is The Police                                                     2018-06-24    Weappy Studio                       Belarus
546    Rally Copters                                                          2018-07-14    Depth First Games                   USA
142    Jet Car Stunts                                                         2018-07-14    Grip Games                          Czech Republic
321    Celeste                                                                2018-08-23    Extremely OK Games                  Canada
582    Shovel Knight: Treasure Trove                                          2018-08-29    Yacht Club Games                    USA
237    Zombie Tycoon II: Brainhov`s Revenge                                   2018-09-02    Frima Studio                        Canada
486    Marvel`s Spider-Man                                                    2018-09-07    Insomniac Games                     USA
385    Far Cry 5                                                              2018-09-29    Ubisoft Montreal                    Canada
149    Lemmings (2007)                                                        2018-09-30    Team17                              England
154    Lone Survivor: The Director`s Cut                                      2018-09-30    Superflat Games                     England
452    Katamari Damacy: Reroll                                                2018-09-30    Bandai Namco Studios                Japan
241    Flame Over                                                             2018-09-30    Laughing Jackal Ltd                 England
245    Jet Set Radio                                                          2018-09-30    SEGA                                Japan
256    Spy Hunter (2012)                                                      2018-09-30    TT Games                            England
258    SunFlowers                                                             2018-09-30    The Game Atelier                    France
259    Surge Deluxe                                                           2018-09-30    FuturLab                            England
265    Wanderjahr                                                             2018-09-30    Workyrie Game Studio                Japan
3      Bishi Bashi Special                                                    2018-09-30    Konami                              Japan
5      Cho Aniki                                                              2018-09-30    Masaya                              Japan
26     Jumping Flash                                                          2018-09-30    Team Asobi (Japan Studio)           Japan
59     Tombi 2!: The Evil Swine Return                                        2018-09-30    Whoopee Camp                        Japan
73     Burnout Legends                                                        2018-09-30    Criterion Games                     England
74     Crazy Taxi: Fare Wars                                                  2018-09-30    Sniper Studios                      USA
91     Prinny                                                                 2018-09-30    Nippon Ichi Software                Japan
94     Super Monkey Ball Adventure                                            2018-09-30    TT Games                            England
392    Final Fantasy X/X-2 HD Remaster                                        2018-10-04    Square Enix                         Japan
682    Uncharted: The Lost Legacy                                             2018-10-04    Naughty Dog                         USA
686    Until Dawn                                                             2018-10-04    Supermassive Games                  England
649    The Walking Dead Season 3 TTG                                          2018-10-04    Telltale Games                      USA
591    SoulCalibur VI                                                         2018-10-19    Bandai Namco Studios                Japan
622    Tekken 7                                                               2018-11-06    Bandai Namco Studios                Japan
531    Pic-A-Pix Color                                                        2018-11-10    Lightwood Games                     England
598    Spyro Reignited Trilogy (2018)                                         2018-11-13    Toys for Bob                        USA
291    Batman Season 2 TTG                                                    2018-11-17    Telltale Games                      USA
390    FIFA 19                                                                2018-11-26    EA Vancouver                        Canada
543    Putty Squad                                                            2018-11-29    System 3 Software                   England
695    Wipeout Omega Collection                                               2018-12-29    XDev                                England
754    PlayStation VR Worlds                                                  2018-12-29    London Studio                       England

(49 row(s) affected)

