ID     Game                                                                   Purchase_Date Developer                           Country
------ ---------------------------------------------------------------------- ------------- ----------------------------------- --------------------
44     Spyro the Dragon (1998)                                                2014-02-14    Insomniac Games                     USA
45     Spyro 2: Gateway to Glimmer (1999)                                     2014-02-14    Insomniac Games                     USA
46     Spyro 3: Year of the Dragon (2000)                                     2014-02-14    Insomniac Games                     USA
209    Syndicate                                                              2014-02-23    Starbreeze Studios                  Sweden
230    Tony Hawk`s Pro Skater HD                                              2014-02-24    Robomodo                            USA
37     Rayman                                                                 2014-05-04    Ubisoft Montpellier                 France
38     Rayman 2                                                               2014-05-04    Ubisoft Shanghai                    China
242    Football Manager Classic 2014                                          2014-06-01    Sports Interactive                  England
182    Ratchet & Clank (2002)                                                 2014-12-06    Insomniac Games                     USA
183    Ratchet & Clank 2                                                      2014-12-06    Insomniac Games                     USA
184    Ratchet & Clank 3                                                      2014-12-06    Insomniac Games                     USA
99     Angry Birds Trilogy                                                    2014-12-26    Rovio Entertainment                 Finland
141    inFamous: Festival of Blood                                            2014-12-26    Sucker Punch Productions            USA

(13 row(s) affected)

