ID     Game                                                                   Console Purchase_Date
------ ---------------------------------------------------------------------- ------- -------------
180    Pro Evolution Soccer 2010                                              PS3     2010-01-14
7      Crash Bandicoot (1996)                                                 PS1     2011-01-14
173    Oddworld: Stranger`s Wrath                                             PS3     2012-01-21
172    Oddworld: Munch`s Oddysee                                              PS3     2013-01-31
185    Ratchet: Gladiator                                                     PS3     2015-01-07
210    Tales of Graces f                                                      PS3     2015-01-17
211    Tales of Xillia                                                        PS3     2015-01-17
346    Dead Island: Retro Revenge                                             PS4     2017-01-15
309    Broforce                                                               PS4     2017-01-15
557    Rogue Legacy                                                           PS4     2017-01-15
590    SteamWorld Dig                                                         PS4     2017-01-15
591    SteamWorld Heist                                                       PS4     2017-01-19
623    The Escapists                                                          PS4     2017-01-19
651    Tricky Towers                                                          PS4     2017-01-19
672    Unravel                                                                PS4     2017-01-19
373    Enter The Gungeon                                                      PS4     2017-01-19
468    LUMO                                                                   PS4     2017-01-19
500    Nitroplus Blasterz: Heroines Infinite Duel                             PS4     2017-01-19
555    Rocket League                                                          PS4     2017-01-19
279    Amplitude                                                              PS4     2017-01-19
599    Super Stardust Ultra                                                   PS4     2017-01-19
349    Deadpool                                                               PS4     2017-01-31
368    Downwell                                                               PS4     2017-01-31
257    Street Fighter X Tekken                                                PSVITA  2017-01-31
274    Absolute Drift: Zen Edition                                            PS4     2017-01-31
277    Active Soccer 2 DX                                                     PS4     2017-01-31
443    Jetpack Joyride                                                        PS4     2017-01-31
189    Ratchet & Clank: QForce                                                PS3     2018-01-15
281    Ape Escape 2                                                           PS4     2018-01-15
376    Everybody`s Golf (2017)                                                PS4     2018-01-24
723    Eagle Flight                                                           PSVR    2019-01-01
731    Headmaster                                                             PSVR    2019-01-01
744    Mervils: A VR Adventure                                                PSVR    2019-01-01
725    Everest VR                                                             PSVR    2019-01-01
752    RIGS: Mechanized Combat League VR                                      PSVR    2019-01-01
770    Tumble VR                                                              PSVR    2019-01-01
775    VR Ping Pong                                                           PSVR    2019-01-01
776    VR The Diner Duo                                                       PSVR    2019-01-01
740    Knockout League                                                        PSVR    2019-01-03
772    Until Dawn: Rush Of Blood                                              PSVR    2019-01-03
757    Space Pirate Trainer VR                                                PSVR    2019-01-03
758    Sprint Vector                                                          PSVR    2019-01-03
754    Shooty Fruity                                                          PSVR    2019-01-03
745    Moss                                                                   PSVR    2019-01-03
732    Homestar VR                                                            PSVR    2019-01-03
735    Hustle Kings VR                                                        PSVR    2019-01-03
736    I Expect You To Die                                                    PSVR    2019-01-03
719    DOOM VFR                                                               PSVR    2019-01-03
714    Carnival Games VR                                                      PSVR    2019-01-03
755    Skyrim VR                                                              PSVR    2019-01-04
764    The Playroom VR                                                        PSVR    2019-01-04
759    Star Trek: Bridge Crew VR                                              PSVR    2019-01-07
760    Superhot VR                                                            PSVR    2019-01-07
749    Psychonauts in the Rhombus Of Ruin VR                                  PSVR    2019-01-07
716    CoolpaintrVR                                                           PSVR    2019-01-07
718    Discovery                                                              PSVR    2019-01-07
710    Batman: Arkham VR                                                      PSVR    2019-01-07
724    EVE: Valkyrie                                                          PSVR    2019-01-07
706    Apex Construct                                                         PSVR    2019-01-07
720    Dream Match Tennis VR                                                  PSVR    2019-01-10
721    DriveClub VR                                                           PSVR    2019-01-10
738    Job Simulator VR                                                       PSVR    2019-01-10
711    Beat Saber                                                             PSVR    2019-01-10
715    Catch & Release                                                        PSVR    2019-01-10
751    Rick & Morty: Virtual Rick-ality                                       PSVR    2019-01-10
728    Fruit Ninja VR                                                         PSVR    2019-01-10
761    Tetris Effect: Connected                                               PSVR    2019-01-10
766    Tiny Trax                                                              PSVR    2019-01-10
709    ASTRO BOT Rescue Mission                                               PSVR    2019-01-12
364    Donut County                                                           PS4     2020-01-26
457    LEGO Marvel Super-Heroes                                               PS4     2021-01-07
622    The Disney Afternoon Collection                                        PS4     2021-01-07
779    A Plague Tale: Innocence                                               PS5     2021-01-17
803    Deep Rock Galactic                                                     PS5     2022-01-04
806    DIRT 5                                                                 PS5     2022-01-04
517    Persona 5 Strikers                                                     PS4     2022-01-04
592    SteamWorld Dig 2                                                       PS4     2022-01-06
837    It Takes Two                                                           PS5     2022-01-06
821    Fortnite                                                               PS5     2022-01-13
453    Knack                                                                  PS4     2022-01-20
454    Knack 2                                                                PS4     2022-01-20
313    Call of Duty: Black Ops III                                            PS4     2022-01-29
895    The Persistence                                                        PS5     2022-01-29
786    Axiom Verge 2                                                          PS5     2023-01-03

(84 row(s) affected)

ID     Game                                                                   Console Purchase_Date
------ ---------------------------------------------------------------------- ------- -------------
8      Crash Bandicoot 2 (1997)                                               PS1     2011-02-05
9      Crash Bandicoot 3 (1998)                                               PS1     2011-02-09
10     Crash Team Racing (1999)                                               PS1     2011-02-09
104    Beat Hazard Ultra                                                      PS3     2012-02-05
44     Spyro the Dragon (1998)                                                PS1     2014-02-14
45     Spyro 2: Gateway to Glimmer (1999)                                     PS1     2014-02-14
46     Spyro 3: Year of the Dragon (2000)                                     PS1     2014-02-14
209    Syndicate                                                              PS3     2014-02-23
230    Tony Hawk`s Pro Skater HD                                              PS3     2014-02-24
240    Fat Princess: Piece of Cake                                            PSVITA  2015-02-01
243    Get Off My Lawn!                                                       PSVITA  2015-02-10
417    Grim Fandango Remastered                                               PS4     2017-02-12
72     Ape Escape                                                             PSP     2017-02-12
78     Final Fantasy                                                          PSP     2017-02-18
79     Final Fantasy II                                                       PSP     2017-02-18
80     Final Fantasy III                                                      PSP     2017-02-18
81     Final Fantasy IV                                                       PSP     2017-02-18
16     Final Fantasy V                                                        PS1     2017-02-18
17     Final Fantasy VI                                                       PS1     2017-02-18
19     Final Fantasy VIII                                                     PS1     2017-02-18
20     Final Fantasy IX                                                       PS1     2017-02-18
504    OlliOlli: Epic Combo Edition                                           PS4     2017-02-25
505    OlliOlli 2                                                             PS4     2017-02-25
597    Super Meat Boy!                                                        PS4     2017-02-25
621    The Crew                                                               PS4     2017-02-25
524    Polybius                                                               PS4     2018-02-24
560    Saban`s Mighty Morphin Power Rangers: Mega Battle                      PS4     2019-02-23
701    Yooka-Laylee                                                           PS4     2019-02-23
456    LEGO City Undercover                                                   PS4     2019-02-23
380    Far Cry 3                                                              PS4     2019-02-23
381    Far Cry 4                                                              PS4     2019-02-23
382    Far Cry: Primal                                                        PS4     2019-02-23
335    Dangerous Golf                                                         PS4     2019-02-23
336    Danger Zone                                                            PS4     2019-02-23
289    Badland                                                                PS4     2019-02-23
296    Bear With Me                                                           PS4     2020-02-06
679    Watch_Dogs                                                             PS4     2020-02-06
2      Beyblade: Let It Rip!                                                  PS1     2020-02-21
220    The Secret of Monkey Island: Special Edition                           PS3     2021-02-10
226    ToeJam and Earl (1991)                                                 PS3     2021-02-10
227    ToeJam and Earl: Panic on Funkotron                                    PS3     2021-02-10
106    Beyond Good and Evil HD                                                PS3     2021-02-10
112    Daytona USA                                                            PS3     2021-02-10
190    Ratchet & Clank: Nexus                                                 PS3     2021-02-10
191    Rayman 3: Hoodlum Havoc HD                                             PS3     2021-02-10
98     Alice: Madness Returns                                                 PS3     2021-02-10
734    Hotel R n R                                                            PSVR    2021-02-25
644    Tiny Tina`s Assault on Dragon Keep: A Wonderlands One-Shot Adventure   PS4     2022-02-01
661    UFC 4                                                                  PS4     2022-02-01
862    Planet Coaster                                                         PS5     2022-02-01
883    Star Wars Jedi: Fallen Order                                           PS5     2022-02-02
814    Far Cry 6: Gold Edition                                                PS5     2022-02-02
801    Cyberpunk 2077                                                         PS5     2022-02-15
525    PONG Quest                                                             PS4     2022-02-17
630    The Outer Worlds                                                       PS4     2023-02-03
899    Tiny Tina`s Wonderlands: Chaotic Great Edition                         PS5     2023-02-03
804    Destiny 2                                                              PS5     2023-02-07
831    Hogwarts Legacy                                                        PS5     2023-02-07
515    Party Hard 2                                                           PS4     2023-02-08
372    Empire of Sin: Deluxe Edition                                          PS4     2023-02-10
236    Yakuza: Dead Souls                                                     PS3     2023-02-14
195    Saints Row 2                                                           PS3     2023-02-14
838    Judgment                                                               PS5     2023-02-26

(63 row(s) affected)

ID     Game                                                                   Console Purchase_Date
------ ---------------------------------------------------------------------- ------- -------------
53     Tomb Raider (1996)                                                     PS1     2017-03-12
54     Tomb Raider II                                                         PS1     2017-03-12
55     Tomb Raider III                                                        PS1     2017-03-12
56     Tomb Raider: Chronicles                                                PS1     2017-03-12
57     Tomb Raider: The Last Revelation                                       PS1     2017-03-12
95     Tomb Raider: Legend                                                    PSP     2017-03-12
96     Tomb Raider: Anniversary                                               PSP     2017-03-12
640    The Wolf Among Us Season 1 TTG                                         PS4     2017-03-16
645    Titan Attacks!                                                         PS4     2017-03-17
520    PixelJunk Shooter Ultimate                                             PS4     2017-03-17
610    Tembo The Badass Elephant                                              PS4     2017-03-17
494    Neon Chrome                                                            PS4     2017-03-17
588    Stealth Inc: A Clone In The Dark                                       PS4     2017-03-17
589    Stealth Inc 2: A Game Of Clones                                        PS4     2017-03-17
662    Ultratron                                                              PS4     2017-03-17
343    Day Of The Tentacle Remastered                                         PS4     2017-03-17
394    Flockers                                                               PS4     2017-03-17
431    Hue                                                                    PS4     2017-03-17
455    LA Cops                                                                PS4     2017-03-17
43     Silent Hill                                                            PS1     2017-03-18
646    ToeJam & Earl: Back In The Groove (2019)                               PS4     2019-03-01
750    Rez Infinite VR                                                        PSVR    2019-03-19
717    Creed: Rise To Glory                                                   PSVR    2019-03-24
308    Bridge Constructor                                                     PS4     2019-03-24
384    Far Cry: New Dawn                                                      PS4     2019-03-24
604    Syrup and the Ultimate Sweet                                           PS4     2020-03-04
707    Apocalypse Rider                                                       PSVR    2020-03-13
287    Aven Colony                                                            PS4     2020-03-13
328    Concrete Genie                                                         PS4     2020-03-13
348    Dead Rising                                                            PS4     2020-03-17
370    Dreams                                                                 PS4     2020-03-17
705    Animal Force                                                           PSVR    2020-03-22
771    Ultrawings                                                             PSVR    2020-03-22
726    Everybody`s Golf VR                                                    PSVR    2020-03-22
649    Trials Fusion: The Awesome MAX Edition                                 PS4     2020-03-22
566    Scribblenauts Mega Pack                                                PS4     2020-03-22
327    Color Slayer                                                           PS4     2020-03-22
101    Bang Bang Racing                                                       PS3     2021-03-30
105    Bentley`s Hackpack                                                     PS3     2021-03-30
160    Metal Gear Solid 4: Guns of the Patriots                               PS3     2021-03-30
177    Prince of Persia: The Sands of Time                                    PS3     2021-03-30
178    Prince of Persia: The Two Thrones                                      PS3     2021-03-30
179    Prince of Persia: Warrior Within                                       PS3     2021-03-30
199    Siren Blood Curse                                                      PS3     2021-03-30
204    Sonic Generations                                                      PS3     2021-03-30
282    ARK: Survival Evolved                                                  PS4     2022-03-01
607    Team Sonic Racing                                                      PS4     2022-03-01
823    Ghostrunner                                                            PS5     2022-03-01
782    Art of Rally                                                           PS5     2022-03-03
446    Kandagawa Jet Girls                                                    PS4     2022-03-03
448    Keep Talking and Nobody Explodes                                       PS4     2022-03-03
351    DEEEER Simulator: Your Average Everyday Deer Game                      PS4     2022-03-03
392    Five Dates                                                             PS4     2022-03-20
432    I am Bread                                                             PS4     2022-03-20
460    Leisure Suit Larry: Wet Dreams Don`t Dry                               PS4     2022-03-20
461    Leisure Suit Larry: Wet Dreams Dry Twice                               PS4     2022-03-20
498    Night Book                                                             PS4     2022-03-20
620    The Complex                                                            PS4     2022-03-20
826    Grand Theft Auto V                                                     PS5     2022-03-20
789    BloodRayne: ReVamped                                                   PS5     2022-03-20
790    BloodRayne 2: ReVamped                                                 PS5     2022-03-20
787    Battlefield 2042                                                       PS5     2023-03-07
485    Minecraft Dungeons                                                     PS4     2023-03-07
326    Code Vein                                                              PS4     2023-03-07
863    Postal 4: No Regerts                                                   PS5     2023-03-29
568    Shadow of the Tomb Raider                                              PS4     2023-03-29

(66 row(s) affected)

ID     Game                                                                   Console Purchase_Date
------ ---------------------------------------------------------------------- ------- -------------
140    inFamous 2                                                             PS3     2013-04-09
143    Joe Danger 2: The Movie                                                PS3     2013-04-09
123    F1 Race Stars                                                          PS3     2013-04-10
164    Mortal Kombat (2011)                                                   PS3     2013-04-25
166    Motorstorm Apocalypse                                                  PS3     2013-04-28
606    Tales From The Borderlands                                             PS4     2015-04-01
502    Oddworld: New n Tasty                                                  PS4     2015-04-29
643    Thomas Was Alone                                                       PS4     2017-04-03
554    Rock Boshers DX: Director`s Cut                                        PS4     2017-04-07
611    Tennis in the Face                                                     PS4     2017-04-07
458    LEGO Harry Potter Collection                                           PS4     2017-04-07
486    Minutes                                                                PS4     2017-04-07
499    Ninja Senki DX                                                         PS4     2017-04-07
584    Spy Chameleon                                                          PS4     2017-04-07
254    Skeleton Rider                                                         PSVITA  2017-04-07
244    Gunslugs                                                               PSVITA  2017-04-07
324    Claire                                                                 PS4     2017-04-07
353    Destroy All Humans! (2005)                                             PS4     2017-04-07
355    Destroy All Humans! 2 (2006)                                           PS4     2017-04-07
400    Game Of Thrones TTG                                                    PS4     2017-04-09
251    Quell Memento                                                          PSVITA  2017-04-15
267    Yomawari: Night Alone                                                  PSVITA  2017-04-15
360    Dex                                                                    PS4     2017-04-19
305    Borderlands: Game of the Year Edition                                  PS4     2019-04-03
722    Drunkn Bar Fight                                                       PSVR    2019-04-09
762    The American Dream                                                     PSVR    2019-04-09
292    Batman: Arkham Asylum                                                  PS4     2020-04-01
293    Batman: Arkham City                                                    PS4     2020-04-01
294    Batman: Arkham Knight                                                  PS4     2020-04-01
389    FIFA 20                                                                PS4     2020-04-01
413    Grand Ages: Medieval                                                   PS4     2020-04-01
399    Futuridium                                                             PS4     2020-04-16
470    Mafia III                                                              PS4     2020-04-16
397    forma.8                                                                PS4     2020-04-21
115    DeathSpank: The Baconing                                               PS3     2021-04-06
147    Killzone                                                               PS3     2021-04-06
161    Metal Gear Solid: Peace Walker                                         PS3     2021-04-06
125    Far Cry Classic                                                        PS3     2021-04-06
130    Final Exam                                                             PS3     2021-04-06
857    Oddworld: Soulstorm (2021)                                             PS5     2021-04-06
132    Girl Fight                                                             PS3     2021-04-13
207    Super Rub a Dub                                                        PS3     2021-04-13
216    The Cube                                                               PS3     2021-04-13
14     Fear Effect                                                            PS1     2021-04-14
15     Fear Effect 2: Retro Helix                                             PS1     2021-04-14
47     Suikoden                                                               PS1     2021-04-14
48     Suikoden II                                                            PS1     2021-04-14
67     Deus Ex (2002)                                                         PS2     2021-04-14
69     Stuntman: Ignition                                                     PS2     2021-04-14
311    Brothers: A Tale of Two Sons                                           PS4     2021-04-28
573    Slay the Spire                                                         PS4     2022-04-05
795    Chicken Police: Paint It Red                                           PS5     2022-04-15
777    Wanderer                                                               PSVR    2022-04-27
445    Just Die Already                                                       PS4     2022-04-27
848    Meet Your Maker                                                        PS5     2023-04-04
888    Tails of Iron                                                          PS5     2023-04-04
229    Tomb Raider (2013)                                                     PS3     2023-04-20

(57 row(s) affected)

ID     Game                                                                   Console Purchase_Date
------ ---------------------------------------------------------------------- ------- -------------
165    Motorstorm: Pacific Rift                                               PS3     2010-05-04
127    Fat Princess                                                           PS3     2013-05-10
37     Rayman                                                                 PS1     2014-05-04
38     Rayman 2                                                               PS1     2014-05-04
347    Dead or Alive 5: Last Round                                            PS4     2017-05-04
427    HoPiKo                                                                 PS4     2017-05-04
533    Quest Of Dungeons                                                      PS4     2017-05-04
619    The Bug Butcher                                                        PS4     2017-05-04
660    Typoman                                                                PS4     2017-05-04
632    The Swapper                                                            PS4     2017-05-20
600    Superbeat: Xonic EX                                                    PS4     2017-05-20
467    Lovers In A Dangerous Spacetime                                        PS4     2017-05-20
419    Hatoful Boyfriend                                                      PS4     2017-05-20
319    Cel Damage HD                                                          PS4     2017-05-20
40     Resident Evil 2 (1998)                                                 PS1     2017-05-20
61     Toy Story Racer                                                        PS1     2017-05-22
1      A Bugs Life                                                            PS1     2017-05-22
4      Buzz Lightyear of Star Command                                         PS1     2017-05-22
31     Monsters Inc Scare Island                                              PS1     2017-05-22
595    Street Fighter 30th Anniversary Collection                             PS4     2018-05-29
312    Burnout Paradise: Remastered                                           PS4     2019-05-06
774    VR Karts                                                               PSVR    2019-05-30
593    Stikbold! A Dodgeball Adventure                                        PS4     2020-05-13
521    Plants vs Zombies: Battle for Neighborville                            PS4     2020-05-13
625    The Flame in the Flood                                                 PS4     2020-05-13
784    Astro`s Playroom                                                       PS5     2021-05-16
816    FIFA 21                                                                PS5     2021-05-18
822    Genshin Impact                                                         PS5     2021-05-18
885    Subnautica                                                             PS5     2021-05-18
295    Battlefield 1: Revolution                                              PS4     2021-05-18
344    Days Gone                                                              PS4     2021-05-18
408    God of War (2018)                                                      PS4     2021-05-18
488    Monster Hunter World: Iceborne                                         PS4     2021-05-18
490    Mortal Kombat X                                                        PS4     2021-05-18
356    Detroit: Become Human                                                  PS4     2021-05-18
391    Final Fantasy XV: Royal Edition                                        PS4     2021-05-18
901    Tony Hawk`s Pro Skater 1 + 2 (2021)                                    PS5     2021-05-18
906    Warframe: The New War                                                  PS5     2021-05-18
911    Wreckfest                                                              PS5     2021-05-18
910    Worms Rumble                                                           PS5     2021-05-19
904    Twin Robots: Ultimate Edition                                          PS5     2021-05-19
887    Sumatra: Fate of Yandi                                                 PS5     2021-05-19
859    One Escape                                                             PS5     2021-05-19
872    Rogue Company                                                          PS5     2021-05-19
594    Stranded Deep                                                          PS4     2021-05-19
508    Outbreak: Epidemic                                                     PS4     2021-05-19
844    Maneater                                                               PS5     2021-05-27
792    Bugsnax                                                                PS5     2021-05-27
882    Spirit of the North: Enhanced Edition                                  PS5     2021-05-27
817    FIFA 22                                                                PS5     2022-05-03
650    Tribes of Midgard                                                      PS4     2022-05-03
334    Curse of the Dead Gods                                                 PS4     2022-05-03
302    BLACKSAD: Under the Skin                                               PS4     2022-05-27
393    Flashback                                                              PS4     2022-05-27
398    Formula Retro Racing                                                   PS4     2022-05-27
365    DOOM (1993)                                                            PS4     2022-05-27
366    DOOM II                                                                PS4     2022-05-27
367    DOOM 64                                                                PS4     2022-05-27
378    Fahrenheit (Indigo Prophecy)                                           PS4     2022-05-27
495    Neon Drive                                                             PS4     2022-05-27
663    Unbox: Newbie`s Adventure                                              PS4     2022-05-27
526    Postal Redux                                                           PS4     2022-05-27
532    Quake                                                                  PS4     2022-05-27
576    Sniper Elite V2 Remastered                                             PS4     2022-05-27
753    Sam & Max: This Time It`s Virtual!                                     PSVR    2022-05-27
756    Sniper Elite VR                                                        PSVR    2022-05-27
824    Ghostwire: Tokyo                                                       PS5     2022-05-27
873    Rustler                                                                PS5     2022-05-27
827    GRID Legends                                                           PS5     2023-05-02
733    Horror Bar VR                                                          PSVR    2023-05-02
409    Godlike Burger                                                         PS4     2023-05-02
363    Don`t Starve                                                           PS4     2023-05-02
352    Descenders                                                             PS4     2023-05-02
276    Action Henk                                                            PS4     2023-05-02
903    Tunic                                                                  PS5     2023-05-04
852    New Tales from the Borderlands                                         PS5     2023-05-12
683    Wolfenstein: The New Order                                             PS4     2023-05-12
684    Wolfenstein: The Old Blood                                             PS4     2023-05-12
685    Wolfenstein II: The New Colossus                                       PS4     2023-05-12
686    Wolfenstein: Youngblood                                                PS4     2023-05-12
657    Turnip Boy Commits Tax Evasion                                         PS4     2023-05-12
818    FIFA 23                                                                PS5     2023-05-24
307    Breaking Enigma                                                        PS4     2023-05-24

(83 row(s) affected)

ID     Game                                                                   Console Purchase_Date
------ ---------------------------------------------------------------------- ------- -------------
162    Modnation Racers                                                       PS3     2010-06-06
188    Ratchet & Clank Future: A Crack in Time                                PS3     2010-06-09
200    Skate 2                                                                PS3     2010-06-09
34     Oddworld: Abes Exoddus (1998)                                          PS1     2011-06-02
52     Theme Hospital                                                         PS1     2011-06-02
139    inFamous                                                               PS3     2011-06-12
206    Streets of Rage 2                                                      PS3     2011-06-25
131    Final Fantasy XIII                                                     PS3     2013-06-02
235    XCOM Enemy Unknown                                                     PS3     2013-06-24
242    Football Manager Classic 2014                                          PSVITA  2014-06-01
146    Killer is Dead                                                         PS3     2015-06-05
288    Back To The Future TTG                                                 PS4     2017-06-01
402    Geometry Wars 3: Dimensions Evolved                                    PS4     2017-06-01
523    Poltergeist: A Pixelated Horror                                        PS4     2017-06-01
572    Slain: Back from Hell                                                  PS4     2017-06-01
484    Micro Machines World Series                                            PS4     2017-06-22
331    Crash Bandicoot: N Sane Trilogy (2017)                                 PS4     2017-06-29
286    Assault Android Cactus                                                 PS4     2018-06-17
405    Ghostbusters                                                           PS4     2018-06-24
418    Harvest Moon: A Wonderful Life                                         PS4     2018-06-24
503    Okami HD                                                               PS4     2018-06-24
551    Rise Of The Tomb Raider                                                PS4     2018-06-24
642    This Is The Police                                                     PS4     2018-06-24
689    WRC 6                                                                  PS4     2018-06-24
428    Horizon Zero Dawn                                                      PS4     2019-06-07
304    Bloodborne                                                             PS4     2019-06-07
768    Trackmania Turbo                                                       PSVR    2019-06-09
342    Dark Souls III                                                         PS4     2019-06-17
332    Crash Team Racing: Nitro Fueled (2019)                                 PS4     2019-06-21
543    Resident Evil Revelations                                              PS4     2019-06-22
545    Resident Evil Revelations 2                                            PS4     2019-06-22
700    Yomawari: Midnight Shadows                                             PS4     2020-06-10
659    Two Point Hospital                                                     PS4     2020-06-24
855    No Man`s Sky                                                           PS5     2021-06-02
894    The Pedestrian                                                         PS5     2021-06-02
907    Watch_Dogs: Legion                                                     PS5     2021-06-02
861    Ovivo                                                                  PS5     2021-06-04
879    Sir Lovelot                                                            PS5     2021-06-04
845    Maquette                                                               PS5     2021-06-04
798    Concept Destruction                                                    PS5     2021-06-04
810    Evil Inside                                                            PS5     2021-06-04
835    In Rays of the Light                                                   PS5     2021-06-04
836    Infliction: Extended Cut                                               PS5     2021-06-04
912    Like a Dragon 7 (Yakuza 7)                                             PS5     2021-06-09
598    Super Monkey Ball: Banana Blitz HD                                     PS4     2021-06-30
853    Nickelodeon All Stars Brawl                                            PS5     2022-06-08
794    Can`t Drive This                                                       PS5     2022-06-08
889    Tchia                                                                  PS5     2023-06-03
851    NBA 2K23                                                               PS5     2023-06-06
902    Trek to Yomi                                                           PS5     2023-06-06
839    Jurassic World Evolution 2                                             PS5     2023-06-06

(51 row(s) affected)

ID     Game                                                                   Console Purchase_Date
------ ---------------------------------------------------------------------- ------- -------------
129    Fight Night Champion                                                   PS3     2011-07-08
152    LittleBigPlanet Karting                                                PS3     2013-07-03
174    PAYDAY: The Heist                                                      PS3     2013-07-06
175    PlayStation All-Stars Battle Royale                                    PS3     2013-07-25
238    Crazy Market                                                           PSVITA  2015-07-02
239    Deathmatch Village                                                     PSVITA  2015-07-02
248    No Heroes Allowed: No Puzzles Either!                                  PSVITA  2015-07-02
249    Paint Park Plus                                                        PSVITA  2015-07-02
260    Table Football                                                         PSVITA  2015-07-02
268    Zero Escape: Virtue`s Last Reward                                      PSVITA  2015-07-02
266    Worms Revolution Extreme                                               PSVITA  2015-07-16
616    That`s You!                                                            PS4     2017-07-04
579    Sound Shapes                                                           PS4     2017-07-09
633    The Unfinished Swan                                                    PS4     2017-07-09
330    CounterSpy                                                             PS4     2017-07-09
362    Doki-Doki Universe                                                     PS4     2017-07-09
374    Entwined                                                               PS4     2017-07-09
548    RESOGUN                                                                PS4     2017-07-09
395    flOw                                                                   PS4     2017-07-09
396    Flower                                                                 PS4     2017-07-09
420    Heart&Slash                                                            PS4     2017-07-09
424    Hohokum                                                                PS4     2017-07-09
444    Journey                                                                PS4     2017-07-09
512    PaRappa The Rapper Remastered                                          PS4     2017-07-11
375    Escape Plan                                                            PS4     2017-07-13
271    101 Ways To Die                                                        PS4     2017-07-16
298    Beyond Eyes                                                            PS4     2017-07-23
322    Chime Sharp                                                            PS4     2017-07-23
530    Pumped BMX+                                                            PS4     2017-07-23
386    Fez                                                                    PS4     2017-07-23
466    LocoRoco                                                               PS4     2017-07-29
534    Rally Copters                                                          PS4     2018-07-14
142    Jet Car Stunts                                                         PS3     2018-07-14
574    Sleeping Dogs: Definitive Edition                                      PS4     2019-07-06
480    Mega Man X Legacy Collection                                           PS4     2019-07-22
481    Mega Man X Legacy Collection 2                                         PS4     2019-07-22
379    Fallout 4                                                              PS4     2019-07-22
648    Touhou Double Focus                                                    PS4     2019-07-22
680    Watch_Dogs 2                                                           PS4     2019-07-22
677    Virtua Fighter 5: Ultimate Showdown                                    PS4     2021-07-01
875    Saints Row The Third: Remastered                                       PS5     2021-07-06
690    WWE 2K Battlegrounds                                                   PS4     2021-07-06
778    You Are Being Followed                                                 PSVR    2021-07-06
834    Human Fall Flat                                                        PS5     2021-07-06
596    Super Kickers League Ultimate                                          PS4     2021-07-07
626    The Last Guardian                                                      PS4     2021-07-12
878    Shing!                                                                 PS5     2021-07-21
881    Spacebase Startopia                                                    PS5     2021-07-21
892    The Darkside Detective                                                 PS5     2021-07-21
896    The Sinking City                                                       PS5     2021-07-21
553    Road Redemption                                                        PS4     2021-07-21
849    Metro Exodus                                                           PS5     2021-07-28
796    Chicory: A Colorful Tale                                               PS5     2022-07-03
809    Endling: Extinction is Forever                                         PS5     2023-07-04
780    Alan Wake Remastered                                                   PS5     2023-07-04
793    Call of Duty: Black Ops Cold War                                       PS5     2023-07-04

(56 row(s) affected)

ID     Game                                                                   Console Purchase_Date
------ ---------------------------------------------------------------------- ------- -------------
225    Tiger Woods PGA Tour 11                                                PS3     2010-08-15
213    Tekken Revolution                                                      PS3     2013-08-05
171    Need for Speed: Most Wanted (2012)                                     PS3     2013-08-07
155    Mafia II                                                               PS3     2013-08-09
13     Driver                                                                 PS1     2015-08-02
250    PlayStation VITA Pets                                                  PSVITA  2015-08-02
263    Uncharted: Golden Abyss                                                PSVITA  2015-08-02
233    Velocity Ultra                                                         PS3     2015-08-08
246    LEGO Batman 2: DC Super Heroes                                         PSVITA  2015-08-20
85     Gravity Crash                                                          PSP     2015-08-20
87     LEGO Indiana Jones                                                     PSP     2015-08-20
88     LEGO Batman                                                            PSP     2015-08-20
89     LEGO Star Wars III: The Clone Wars                                     PSP     2015-08-20
90     LEGO Pirates of the Caribbean                                          PSP     2015-08-20
264    Uncharted: Fight for Fortune                                           PSVITA  2015-08-30
273    A Boy And His Blob                                                     PS4     2017-08-03
310    Broken Age                                                             PS4     2017-08-03
314    Canis Canem Edit (Bully)                                               PS4     2017-08-03
329    Cosmophony                                                             PS4     2017-08-03
462    Lichtspeer                                                             PS4     2017-08-03
471    Manhunt                                                                PS4     2017-08-03
476    Max Payne                                                              PS4     2017-08-03
537    Red Dead Revolver                                                      PS4     2017-08-03
552    Risk Of Rain                                                           PS4     2017-08-03
587    Stardew Valley                                                         PS4     2017-08-03
665    Uncharted: Drake`s Fortune                                             PS4     2017-08-03
666    Uncharted 2: Among Thieves                                             PS4     2017-08-03
667    Uncharted 3: Drake`s Deception                                         PS4     2017-08-03
678    Volume                                                                 PS4     2017-08-03
638    The Warriors                                                           PS4     2017-08-03
692    Xenoraid                                                               PS4     2017-08-03
639    The Witness                                                            PS4     2017-08-04
652    Trine: Enchanted Edition                                               PS4     2017-08-04
653    Trine 2: Complete Story                                                PS4     2017-08-04
654    Trine 3: The Artifacts Of Power                                        PS4     2017-08-04
550    Riptide GP: Renegade                                                   PS4     2017-08-04
571    ShredIt                                                                PS4     2017-08-04
492    Mother Russia Bleeds                                                   PS4     2017-08-04
514    Party Hard                                                             PS4     2017-08-04
472    Manual Samuel                                                          PS4     2017-08-04
403    Ghost Blade HD                                                         PS4     2017-08-04
442    Jazzpunk: Director`s Cut                                               PS4     2017-08-04
283    Armello                                                                PS4     2017-08-04
285    Art Of Balance                                                         PS4     2017-08-07
510    Oxenfree                                                               PS4     2017-08-07
608    Tearaway Unfolded                                                      PS4     2017-08-07
577    Sonic Mania                                                            PS4     2017-08-14
473    Marvel`s Guardians Of The Galaxy TTG                                   PS4     2017-08-22
300    BioShock 1 & 2: The Collection                                         PS4     2017-08-22
301    BioShock Infinite: The Collection                                      PS4     2017-08-22
306    Borderlands: The Handsome Collection                                   PS4     2017-08-22
269    [Prototype]                                                            PS4     2017-08-22
270    [Prototype 2]                                                          PS4     2017-08-22
655    Tropico 5                                                              PS4     2017-08-22
687    Worms Battlegrounds                                                    PS4     2017-08-22
688    Worms WMD                                                              PS4     2017-08-22
320    Celeste                                                                PS4     2018-08-23
569    Shovel Knight: Treasure Trove                                          PS4     2018-08-29
357    Devil May Cry Trilogy HD Collection                                    PS4     2019-08-08
358    Devil May Cry 4                                                        PS4     2019-08-08
359    Devil May Cry 5                                                        PS4     2019-08-08
323    Cities: Skylines                                                       PS4     2019-08-22
746    Penn & Teller VR                                                       PSVR    2019-08-22
691    XCOM 2                                                                 PS4     2020-08-20
325    ClusterTruck                                                           PS4     2020-08-24
586    Star Wars Episode I: Pod Racer                                         PS4     2020-08-28
354    Destroy All Humans! (2020)                                             PS4     2020-08-28
509    Outlast                                                                PS4     2020-08-28
747    Perfect VR                                                             PSVR    2020-08-28
612    Tennis World Tour 2                                                    PS4     2021-08-03
299    Beyond Two Souls                                                       PS4     2021-08-04
234    When Vikings Attack                                                    PS3     2021-08-14
215    The Cave                                                               PS3     2021-08-14
102    Battlefield 3                                                          PS3     2021-08-14
138    ICO Classics HD                                                        PS3     2021-08-14
156    Malicious                                                              PS3     2021-08-14
157    Mensa Academy                                                          PS3     2021-08-14
163    Mortal Kombat Arcade Kollection                                        PS3     2021-08-14
181    Quantum Conundrum                                                      PS3     2021-08-14
197    Shadow of the Colossus Classics HD                                     PS3     2021-08-14
205    Spec Ops: The Line                                                     PS3     2021-08-14
212    Tekken 5: Dark Resurrection                                            PS3     2021-08-14
377    Exit the Gungeon                                                       PS4     2021-08-18
337    Dangerous Driving                                                      PS4     2021-08-23
345    Dead End Job                                                           PS4     2021-08-23
483    Metro Redux                                                            PS4     2021-08-23
522    Please Don`t Touch Anything                                            PS4     2021-08-23
583    SpongeBob SquarePants: Battle for Bikini Bottom - Rehydrated           PS4     2021-08-23
565    Scott Pilgrim vs The World: The Game                                   PS4     2021-08-23
297    Beat Cop                                                               PS4     2021-08-23
601    Supermarket Shriek                                                     PS4     2021-08-23
664    Uncanny Valley                                                         PS4     2021-08-23
641    Think of the Children                                                  PS4     2021-08-23
681    while true: learn( )                                                   PS4     2021-08-23
275    Abzu                                                                   PS4     2021-08-24
704    Accounting Plus                                                        PSVR    2021-08-25
819    Final Fantasy VII (2021)                                               PS5     2022-08-03
897    The Stanley Parable: Ultra Deluxe                                      PS5     2022-08-03
464    Little Nightmares                                                      PS4     2022-08-03
797    Cloudpunk                                                              PS5     2022-08-23
802    Death`s Door                                                           PS5     2023-08-02
905    Two Point Campus                                                       PS5     2023-08-05

(102 row(s) affected)

ID     Game                                                                   Console Purchase_Date
------ ---------------------------------------------------------------------- ------- -------------
28     Kula World                                                             PS1     2011-09-08
536    Rayman Legends                                                         PS4     2015-09-06
501    Octodad: Dadliest Catch                                                PS4     2015-09-06
703    Yu-Gi-Oh! Legacy of the Duelist                                        PS4     2015-09-10
158    Metal Gear Solid 2: Sons of Liberty                                    PS3     2015-09-12
159    Metal Gear Solid 3: Snake Eater                                        PS3     2015-09-12
513    PaRappa The Rapper 2                                                   PS4     2016-09-06
478    Mega Man Legacy Collection                                             PS4     2016-09-06
338    Dark Cloud                                                             PS4     2016-09-06
414    Grand Theft Auto III (2001)                                            PS4     2016-09-06
415    Grand Theft Auto: Vice City (2002)                                     PS4     2016-09-06
416    Grand Theft Auto: San Andreas (2004)                                   PS4     2016-09-06
556    Rocketbirds 2: Evolution                                               PS4     2016-09-06
528    Psychonauts                                                            PS4     2016-09-10
549    Retro City Rampage DX                                                  PS4     2016-09-10
628    The Last Of Us: Left Behind Remastered                                 PS4     2016-09-11
615    Tetris Ultimate                                                        PS4     2016-09-22
487    Monopoly Family Fun Pack                                               PS4     2016-09-22
321    Child Of Light                                                         PS4     2016-09-22
387    FIFA 18                                                                PS4     2017-09-29
237    Zombie Tycoon II: Brainhov`s Revenge                                   PS3     2018-09-02
474    Marvel`s Spider-Man                                                    PS4     2018-09-07
383    Far Cry 5                                                              PS4     2018-09-29
3      Bishi Bashi Special                                                    PS1     2018-09-30
5      Cho Aniki                                                              PS1     2018-09-30
26     Jumping Flash                                                          PS1     2018-09-30
149    Lemmings (2007)                                                        PS3     2018-09-30
154    Lone Survivor: The Director`s Cut                                      PS3     2018-09-30
447    Katamari Damacy: Reroll                                                PS4     2018-09-30
241    Flame Over                                                             PSVITA  2018-09-30
245    Jet Set Radio                                                          PSVITA  2018-09-30
256    Spy Hunter (2012)                                                      PSVITA  2018-09-30
258    SunFlowers                                                             PSVITA  2018-09-30
259    Surge Deluxe                                                           PSVITA  2018-09-30
265    Wanderjahr                                                             PSVITA  2018-09-30
59     Tombi 2!: The Evil Swine Return                                        PS1     2018-09-30
73     Burnout Legends                                                        PSP     2018-09-30
74     Crazy Taxi: Fare Wars                                                  PSP     2018-09-30
91     Prinny                                                                 PSP     2018-09-30
94     Super Monkey Ball Adventure                                            PSP     2018-09-30
318    Catherine: Full Body                                                   PS4     2019-09-09
730    Gun Club VR                                                            PSVR    2019-09-09
791    Borderlands 3                                                          PS5     2019-09-13
539    Resident Evil 0                                                        PS4     2019-09-19
540    Resident Evil (2002)                                                   PS4     2019-09-19
541    Resident Evil 4 (2005)                                                 PS4     2019-09-19
280    Another World                                                          PS4     2019-09-19
316    Castle Crashers: Remastered                                            PS4     2019-09-19
629    The Last of Us Part II                                                 PS4     2020-09-09
561    Saints Row IV: Re-Elected                                              PS4     2020-09-17
562    Saints Row IV: Gat out of Hell                                         PS4     2020-09-17
743    Marvel`s Iron Man VR                                                   PSVR    2020-09-17
176    PlayStation Move Heroes                                                PS3     2020-09-17
186    Ratchet & Clank Future: Tools of Destruction                           PS3     2020-09-17
187    Ratchet & Clank Future: Quest for Booty                                PS3     2020-09-17
193    Red Dead Redemption                                                    PS3     2020-09-17
194    Resistance: Fall of Man                                                PS3     2020-09-17
100    Army of Two                                                            PS3     2020-09-17
103    Bayonetta                                                              PS3     2020-09-17
110    Call of Duty: Modern Warfare 2 (2009)                                  PS3     2020-09-17
113    Dead Rising 2                                                          PS3     2020-09-17
114    Dead Space (2008)                                                      PS3     2020-09-17
116    Deus Ex: Human Revolution                                              PS3     2020-09-17
117    Dishonored                                                             PS3     2020-09-17
120    Duke Nukem Forever                                                     PS3     2020-09-17
122    F.E.A.R                                                                PS3     2020-09-17
124    Family Guy: Back to the Multiverse                                     PS3     2020-09-17
126    Far Cry 2                                                              PS3     2020-09-17
136    Grand Theft Auto IV: The Complete Collection                           PS3     2020-09-17
144    Kane and Lynch: Dead Men                                               PS3     2020-09-17
145    Kane and Lynch 2: Dog Days                                             PS3     2020-09-17
217    The Darkness                                                           PS3     2020-09-17
218    The Darkness 2                                                         PS3     2020-09-17
656    Trover Saves The Universe                                              PS4     2021-09-07
727    Floor Plan                                                             PSVR    2021-09-07
811    F1 2021                                                                PS5     2021-09-07
890    Terminator: Resistance Enhanced                                        PS5     2021-09-16
423    Hitman 2                                                               PS4     2021-09-22
785    AWAY: The Survival Series                                              PS5     2021-09-28
886    Subnautica: Below Zero                                                 PS5     2021-09-30
546    Resident Evil: Resistance                                              PS4     2021-09-30
412    Granblue Fantasy: Versus                                               PS4     2022-09-07
493    Need for Speed Heat                                                    PS4     2022-09-07
900    TOEM                                                                   PS5     2022-09-07
805    Destroy All Humans 2: Reprobed (2022)                                  PS5     2022-09-07
788    Biomutant                                                              PS5     2022-09-09
880    Sonic Origins                                                          PS5     2022-09-13
869    Resident Evil VII: Biohazard                                           PS5     2022-09-27
866    Resident Evil 2 (2019)                                                 PS5     2022-09-27
867    Resident Evil 3 (2020)                                                 PS5     2022-09-27
196    Sam and Max Season 3: The Devil`s Playhouse TTG                        PS3     2022-09-28
401    Generation Zero                                                        PS4     2023-09-05
876    Saints Row (2022)                                                      PS5     2023-09-05
913    Like a Dragon: Ishin                                                   PS5     2023-09-07
850    Music Racer: Ultimate                                                  PS5     2023-09-07
808    Dungeon Munchies                                                       PS5     2023-09-07
713    Budget Cuts                                                            PSVR    2023-09-07
559    Run Sausage Run!                                                       PS4     2023-09-07
647    Total Arcade Racing                                                    PS4     2023-09-07
617    The Amazing American Circus                                            PS4     2023-09-07
489    Monster Prom: XXL                                                      PS4     2023-09-07
497    Ni No Kuni II: Revenant Kingdom                                        PS4     2023-09-08
527    Primal                                                                 PS4     2023-09-08
410    Going Under                                                            PS4     2023-09-08
437    Iris and the Giant                                                     PS4     2023-09-08
828    Grindstone                                                             PS5     2023-09-08
908    Wonder Boy: The Dragon`s Trap                                          PS5     2023-09-08
856    Nour: Play with your Food                                              PS5     2023-09-12
496    Ni No Kuni: Wrath of the White Witch                                   PS4     2023-09-13
868    Resident Evil 4 (2023)                                                 PS5     2023-09-26

(110 row(s) affected)

ID     Game                                                                   Console Purchase_Date
------ ---------------------------------------------------------------------- ------- -------------
29     Medievil (1998)                                                        PS1     2013-10-04
208    Superfrog HD                                                           PS3     2013-10-11
148    LA Noire                                                               PS3     2013-10-12
35     PONG                                                                   PS1     2013-10-21
58     Tombi!                                                                 PS1     2013-10-21
18     Final Fantasy VII (1997)                                               PS1     2013-10-25
68     Sonic Heroes                                                           PS2     2013-10-31
70     The Sims                                                               PS2     2013-10-31
71     The Sims 2                                                             PS2     2013-10-31
92     Ratchet & Clank: Size Matters                                          PSP     2015-10-02
93     Resistance: Retribution                                                PSP     2015-10-02
21     Gex                                                                    PS1     2015-10-02
22     Gex 3D: Enter the Gecko                                                PS1     2015-10-02
23     Gex: Deep Cover Gecko                                                  PS1     2015-10-02
27     Klonoa: Door to Phantomile (1997)                                      PS1     2015-10-02
317    Castlevania Requiem: Symphony of the Night and Rondo of Blood          PS4     2015-10-02
192    Rayman Origins                                                         PS3     2015-10-22
676    Viking Squad                                                           PS4     2016-10-05
511    PAC-MAN 256                                                            PS4     2016-10-07
339    Dark Chronicle (Dark Cloud 2)                                          PS4     2016-10-07
385    Fat Princess Adventures                                                PS4     2016-10-07
406    Goat Simulator                                                         PS4     2016-10-07
60     Toy Story 2                                                            PS1     2016-10-10
24     Hercules                                                               PS1     2016-10-12
635    The Walking Dead Season 2 TTG                                          PS4     2016-10-21
253    Silent Hill: Book of Memories                                          PSVITA  2016-10-22
39     Resident Evil: Directors Cut (1997)                                    PS1     2016-10-22
41     Resident Evil 3: Nemesis (1999)                                        PS1     2016-10-22
426    Home                                                                   PS4     2016-10-23
407    God of War III Remastered                                              PS4     2017-10-06
255    Sly Cooper: Thieves in Time                                            PSVITA  2017-10-06
465    LittleBigPlanet 3                                                      PS4     2017-10-06
49     Syphon Filter                                                          PS1     2017-10-06
36     Rally Cross                                                            PS1     2017-10-06
62     Twisted Metal (1995)                                                   PS1     2017-10-06
63     UmJammer Lammy                                                         PS1     2017-10-06
64     Vib-Ribbon                                                             PS1     2017-10-06
65     Wipeout (1995)                                                         PS1     2017-10-06
12     Destruction Derby                                                      PS1     2017-10-06
32     Motor Toon Grand Prix 2                                                PS1     2017-10-06
97     Wipeout Pulse                                                          PSP     2017-10-06
75     Daxter                                                                 PSP     2017-10-06
77     Everybody`s Golf 2                                                     PSP     2017-10-06
86     Jak and Daxter: The Lost Frontier                                      PSP     2017-10-06
167    Motorstorm RC                                                          PS3     2017-10-06
133    God of War (2005)                                                      PS3     2017-10-06
134    God of War II (2007)                                                   PS3     2017-10-06
422    Helldivers                                                             PS4     2017-10-08
636    The Walking Dead Season 3 TTG                                          PS4     2018-10-04
669    Uncharted: The Lost Legacy                                             PS4     2018-10-04
673    Until Dawn                                                             PS4     2018-10-04
390    Final Fantasy X/X-2 HD Remaster                                        PS4     2018-10-04
578    SoulCalibur VI                                                         PS4     2018-10-19
605    Table Top Racing: World Tour                                           PS4     2019-10-11
261    Table Top Racing                                                       PSVITA  2019-10-11
538    Red Dead Redemption 2                                                  PS4     2019-10-11
341    Dark Souls II: Scholar of the First Sin                                PS4     2019-10-17
477    MediEvil (2019)                                                        PS4     2019-10-25
435    Injustice: Gods Among Us                                               PS4     2020-10-01
799    Crash Bandicoot 4: It`s About Time                                     PS5     2020-10-01
421    Heavy Rain                                                             PS4     2020-10-11
198    Silent Hill HD Collection                                              PS3     2020-10-11
214    The Amazing Spider-Man                                                 PS3     2020-10-11
219    The House of the Dead: Overkill                                        PS3     2020-10-11
222    The Simpsons Game                                                      PS3     2020-10-11
231    Twisted Metal (2012)                                                   PS3     2020-10-11
232    UFC 2009 Undisputed                                                    PS3     2020-10-11
137    Hitman: Absolution                                                     PS3     2020-10-11
168    Naughty Bear                                                           PS3     2020-10-11
107    Blur                                                                   PS3     2020-10-11
108    Brink                                                                  PS3     2020-10-11
109    Buzz! Quiz World                                                       PS3     2020-10-11
118    DJ Hero                                                                PS3     2020-10-11
119    DJ Hero 2                                                              PS3     2020-10-11
128    FIFA Street (2012)                                                     PS3     2020-10-11
518    PGA Tour 2K21                                                          PS4     2021-10-05
693    Like a Dragon (Yakuza 0)                                               PS4     2021-10-05
694    Like a Dragon Kiwami (Yakuza Kiwami)                                   PS4     2021-10-05
695    Like a Dragon Kiwami 2 (Yakuza Kiwami 2)                               PS4     2021-10-05
830    Hell Let Loose                                                         PS5     2021-10-05
699    Like a Dragon 6 (Yakuza 6: The Song of Life)                           PS4     2021-10-05
696    Like a Dragon 3 (Yakuza 3 Remastered)                                  PS4     2021-10-13
697    Like a Dragon 4 (Yakuza 4 Remastered)                                  PS4     2021-10-13
698    Like a Dragon 5 (Yakuza 5 Remastered)                                  PS4     2021-10-13
547    Resident Evil: Re:Verse                                                PS4     2021-10-20
870    Resident Evil Village                                                  PS5     2021-10-20
563    Sam and Max Season 1: Save The World TTG                               PS4     2022-10-02
564    Sam and Max Season 2: Beyond Time and Space TTG                        PS4     2022-10-02
436    Injustice 2                                                            PS4     2022-10-05
833    Hot Wheels Unleashed                                                   PS5     2022-10-05
893    The Darkside Detective: A Fumble in the Dark                           PS5     2022-10-20
877    Shantae and The Pirate`s Curse                                         PS5     2022-10-30
800    Cult of the Lamb                                                       PS5     2022-10-30
815    Farming Simulator 22                                                   PS5     2023-10-03
891    The Callisto Protocol                                                  PS5     2023-10-03
909    Weird West: Definitive Edition                                         PS5     2023-10-03
914    A Plague Tale: Requiem                                                 PS5     2023-10-15
847    Marvel`s Spider-Man 2: Digital Deluxe Edition                          PS5     2023-10-20
915    Resident Evil: Code Veronica X                                         PS4     2023-10-25

(99 row(s) affected)

ID     Game                                                                   Console Purchase_Date
------ ---------------------------------------------------------------------- ------- -------------
169    Need for Speed: Shift                                                  PS3     2009-11-23
223    The Sims 3                                                             PS3     2010-11-07
224    The Sims 3: Pets                                                       PS3     2010-11-07
111    Crazy Machines Elements                                                PS3     2011-11-20
438    Jak and Daxter: The Precursor Legacy                                   PS4     2012-11-27
439    Jak II: Renegade                                                       PS4     2012-11-27
440    Jak 3                                                                  PS4     2012-11-27
228    Tokyo Jungle                                                           PS3     2013-11-21
221    The Simpsons Arcade Game                                               PS3     2013-11-29
76     Dead or Alive Paradise                                                 PSP     2015-11-13
247    ModNation Racers: Road Trip                                            PSVITA  2015-11-18
675    Velocity 2X                                                            PS4     2015-11-18
613    Terraria                                                               PS4     2015-11-22
252    Rocketbirds: Hardboiled Chicken                                        PSVITA  2015-11-28
290    Batman Season 1 TTG                                                    PS4     2016-11-26
82     Grand Theft Auto: Liberty City Stories                                 PSP     2016-11-26
83     Grand Theft Auto: Vice City Stories                                    PSP     2016-11-26
84     Grand Theft Auto: Chinatown Wars                                       PSP     2016-11-26
201    Sly Cooper and the Thievius Raccoonus                                  PS3     2016-11-26
202    Sly 2: Band of Thieves                                                 PS3     2016-11-26
203    Sly 3: Honour Among Thieves                                            PS3     2016-11-26
433    inFamous Second Son                                                    PS4     2016-11-26
434    inFamous First Light                                                   PS4     2016-11-26
463    Life Is Strange                                                        PS4     2016-11-26
333    Croixleur Sigma                                                        PS4     2017-11-30
609    Tekken 7                                                               PS4     2018-11-06
519    Pic-A-Pix Color                                                        PS4     2018-11-10
585    Spyro Reignited Trilogy (2018)                                         PS4     2018-11-13
291    Batman Season 2 TTG                                                    PS4     2018-11-17
388    FIFA 19                                                                PS4     2018-11-26
531    Putty Squad                                                            PS4     2018-11-29
449    Kingdom Hearts HD 1.5 & 2.5 Remix                                      PS4     2019-11-17
450    Kingdom Hearts HD 2.8 Final Chapter Prologue                           PS4     2019-11-17
451    Kingdom Hearts III                                                     PS4     2019-11-17
425    Hollow Knight: Voidheart Edition                                       PS4     2020-11-03
278    Amnesia: Collection                                                    PS4     2020-11-04
575    Slender: The Arrival                                                   PS4     2020-11-04
404    Ghost of Tsushima                                                      PS4     2020-11-22
452    Kingdoms of Amalur: Re-Reckoning                                       PS4     2021-11-02
739    Kingdom Hearts: VR Experience                                          PSVR    2021-11-02
765    The Walking Dead: Saints and Sinners                                   PSVR    2021-11-02
843    Knockout City                                                          PS5     2021-11-02
773    Until You Fall                                                         PSVR    2021-11-02
820    First Class Trouble                                                    PS5     2021-11-02
542    Resident Evil 5                                                        PS4     2021-11-10
544    Resident Evil 6                                                        PS4     2021-11-10
708    Arizona Sunshine                                                       PSVR    2021-11-16
769    Traffic Jams                                                           PSVR    2021-11-17
783    Assassin`s Creed Valhalla: Ultimate Edition                            PS5     2021-11-21
529    Psychonauts 2                                                          PS4     2021-11-21
475    Mass Effect: Legendary Edition                                         PS4     2021-11-21
829    Heavenly Bodies                                                        PS5     2022-11-02
854    Nioh 2                                                                 PS5     2022-11-02
860    Overcooked: All You Can Eat Edition                                    PS5     2022-11-04
871    Returnal                                                               PS5     2022-11-18
874    Sackboy: A Big Adventure                                               PS5     2022-11-18
842    Klonoa Phantasy Reverie Series (2022)                                  PS5     2022-11-18
807    Disney Dreamlight Valley                                               PS5     2022-11-18
846    Marvel`s Spider-Man: Miles Morales                                     PS5     2022-11-18
884    Stray                                                                  PS5     2022-11-24
916    Aliens: Fireteam Elite                                                 PS5     2023-11-07
671    UNO                                                                    PS5     2023-11-19
429    Hotline Miami                                                          PS5     2023-11-19
430    Hotline Miami 2: Wrong Number                                          PS5     2023-11-19
917    Bud Spencer & Terence Hill - Slaps and Beans                           PS4     2023-11-26
918    Coffee Talk                                                            PS5     2023-11-26
919    Coffee Talk Episode 2: Hibiscus and Butterfly                          PS5     2023-11-26
920    de Blob                                                                PS4     2023-11-26
921    Holy Potatoes! A Weapon Shop?!                                         PS4     2023-11-26
922    Holy Potatoes! We`re in Space?!                                        PS4     2023-11-26
923    Holy Potatoes! What the Hell?!                                         PS4     2023-11-26

(71 row(s) affected)

ID     Game                                                                   Console Purchase_Date
------ ---------------------------------------------------------------------- ------- -------------
150    LittleBigPlanet                                                        PS3     2009-12-31
135    Gran Turismo 5                                                         PS3     2010-12-25
121    Earthworm Jim HD                                                       PS3     2010-12-26
6      Colin McRae Rally                                                      PS1     2010-12-26
11     Crash Bash                                                             PS1     2010-12-26
25     Hogs of War                                                            PS1     2010-12-26
33     Oddworld: Abes Oddysee (1997)                                          PS1     2010-12-26
42     Sheep Dog n Wolf                                                       PS1     2010-12-26
66     WWF! Smackdown 2: Know Your Role                                       PS1     2010-12-26
170    Need for Speed: The Run                                                PS3     2011-12-08
151    LittleBigPlanet 2                                                      PS3     2011-12-18
51     Tekken 2                                                               PS1     2012-12-18
30     Metal Gear Solid                                                       PS1     2012-12-18
50     Tekken                                                                 PS1     2012-12-19
153    Lollipop Chainsaw                                                      PS3     2013-12-20
182    Ratchet & Clank (2002)                                                 PS3     2014-12-06
183    Ratchet & Clank 2                                                      PS3     2014-12-06
184    Ratchet & Clank 3                                                      PS3     2014-12-06
141    inFamous: Festival of Blood                                            PS3     2014-12-26
99     Angry Birds Trilogy                                                    PS3     2014-12-26
658    Twisted Metal: Black                                                   PS4     2015-12-05
603    Switch Galaxy Ultra                                                    PS4     2015-12-25
634    The Walking Dead Season 1 TTG                                          PS4     2015-12-25
262    TxK                                                                    PSVITA  2015-12-25
371    Duke Nukem 3D                                                          PS4     2015-12-25
614    Tethered                                                               PS4     2016-12-06
558    Rollercoaster Dreams                                                   PS4     2016-12-20
624    The Evil Within                                                        PS4     2017-12-04
631    The Sims 4                                                             PS4     2017-12-08
441    Jak X: Combat Racing                                                   PS4     2017-12-09
350    Death Squared                                                          PS4     2017-12-10
580    South Park: The Stick of Truth                                         PS4     2017-12-12
581    South Park: The Fractured But Whole                                    PS4     2017-12-12
516    Persona 5                                                              PS4     2017-12-22
535    Ratchet & Clank (2016)                                                 PS4     2017-12-22
668    Uncharted 4: A Thief`s End                                             PS4     2017-12-22
670    Undertale                                                              PS4     2017-12-22
479    Mega Man Legacy Collection 2                                           PS4     2017-12-22
627    The Last Of Us Remastered                                              PS4     2017-12-26
506    One Piece Unlimited World Red                                          PS4     2017-12-31
748    PlayStation VR Worlds                                                  PSVR    2018-12-29
682    Wipeout Omega Collection                                               PS4     2018-12-29
729    Groundhog Day: Like Father Like Son                                    PSVR    2019-12-05
741    Kona VR                                                                PSVR    2019-12-05
742    Lethal VR                                                              PSVR    2019-12-05
767    Track Lab                                                              PSVR    2019-12-05
602    Surgeon Simulator                                                      PS4     2019-12-05
674    Untitled Goose Game                                                    PS4     2019-12-17
567    Sekiro: Shadows Die Twice                                              PS4     2019-12-25
702    Yooka-Laylee and the Impossible Lair                                   PS4     2019-12-25
712    BoxVR                                                                  PSVR    2019-12-25
637    The Walking Dead: The Final Season TTG                                 PS4     2019-12-25
361    Disney Classic Games: Aladdin & The Lion King                          PS4     2019-12-25
369    DreamBall                                                              PS4     2019-12-25
340    Dark Souls Remastered                                                  PS4     2019-12-25
303    Blood Bowl 2                                                           PS4     2019-12-25
469    Mafia: Definitive Edition (2020)                                       PS4     2020-12-11
284    Armikrog                                                               PS4     2020-12-15
482    Metal Gear Solid V: The Phantom Pain                                   PS4     2020-12-25
582    Spelunky                                                               PS4     2020-12-25
618    The Binding of Isaac: Rebirth                                          PS4     2020-12-25
825    Godfall                                                                PS5     2021-12-09
491    Mortal Shell                                                           PS4     2021-12-09
459    LEGO DC Super-Villains                                                 PS4     2021-12-09
315    Captain Tsubasa: Rise of New Champions                                 PS4     2021-12-09
763    The Guy VR                                                             PSVR    2021-12-25
737    I Expect You to Die 2                                                  PSVR    2021-12-25
865    Ratchet & Clank: Rift Apart                                            PS5     2021-12-25
840    Kena: Bridge of Spirits                                                PS5     2021-12-25
841    Kerbal Space Program: Enhanced Edition                                 PS5     2021-12-25
898    The Witcher 3: Wild Hunt                                               PS5     2022-12-14
781    Apex Legends                                                           PS5     2022-12-19
813    Fall Guys: Ultimate Knockout                                           PS5     2022-12-19
570    Shovel Knight: Pocket Dungeon                                          PS4     2022-12-20
272    60 Seconds! Reatomized                                                 PS4     2022-12-20
864    Potion Permit                                                          PS5     2022-12-26
812    F1 Manager                                                             PS5     2022-12-27
832    Horizon Forbidden West                                                 PS5     2022-12-28
411    Good Dog Bad Dog                                                       PS4     2022-12-28
507    Onee Chanbara Origin                                                   PS4     2022-12-28
858    OlliOlli World                                                         PS5     2022-12-28
924    Lost Judgment: Ultimate Edition                                        PS5     2023-12-02
925    LEGO 2K Drive                                                          PS5     2023-12-05
926    PowerWash Simulator                                                    PS5     2023-12-05
927    Sable                                                                  PS5     2023-12-05

(85 row(s) affected)

